<html>
<body>
<pre>
<h1>µVision Build Log</h1>
<h2>Project:</h2>
N:\se350\SE350-Lab0\Lab0.uvproj
Project File Date:  01/31/2013

<h2>Output:</h2>
Rebuild target 'HelloWorld SIM'
assembling startup_LPC17xx.s...
compiling system_LPC17xx.c...
compiling uart_polling.c...
compiling main.c...
compiling process.c...
compiling userproc.c...
compiling HAL.c...
compiling memory.c...
linking...
Program Size: Code=3608 RO-data=456 RW-data=32 ZI-data=632  
"Lab0.axf" - 0 Error(s), 0 Warning(s).
Load "N:\\se350\\SE350-Lab0\\Lab0.AXF" 
No Algorithm found for: 10000000H - 10000FFBH
Partial Erase Done (areas with no algorithms skipped!)
No Algorithm found for: 10000000H - 10000FFBH
Partial Programming Done (areas with no algorithms skipped!)
Partial Verify OK (areas with no algorithms skipped!)
Rebuild target 'HelloWorld SIM'
assembling startup_LPC17xx.s...
compiling system_LPC17xx.c...
compiling uart_polling.c...
compiling main.c...
compiling process.c...
compiling userproc.c...
userproc.c(149): error:  #112: expected "while"
compiling HAL.c...
compiling memory.c...
Target not created
Rebuild target 'HelloWorld SIM'
assembling startup_LPC17xx.s...
compiling system_LPC17xx.c...
compiling uart_polling.c...
compiling main.c...
compiling process.c...
compiling userproc.c...
compiling HAL.c...
compiling memory.c...
linking...
Program Size: Code=3704 RO-data=456 RW-data=36 ZI-data=636  
"Lab0.axf" - 0 Error(s), 0 Warning(s).
Load "N:\\se350\\SE350-Lab0\\Lab0.AXF" 
No Algorithm found for: 10000000H - 1000105FH
Partial Erase Done (areas with no algorithms skipped!)
No Algorithm found for: 10000000H - 1000105FH
Partial Programming Done (areas with no algorithms skipped!)
Partial Verify OK (areas with no algorithms skipped!)
Rebuild target 'HelloWorld SIM'
assembling startup_LPC17xx.s...
compiling system_LPC17xx.c...
compiling uart_polling.c...
compiling main.c...
compiling process.c...
compiling userproc.c...
userproc.c(169): error: At end of source:  #18: expected a ")"
userproc.c(112): error:  #274: improperly terminated macro invocation
userproc.c(169): error: At end of source:  #67: expected a "}"
userproc.c(169): error: At end of source:  #67: expected a "}"
compiling HAL.c...
compiling memory.c...
Target not created
Rebuild target 'HelloWorld SIM'
assembling startup_LPC17xx.s...
compiling system_LPC17xx.c...
compiling uart_polling.c...
compiling main.c...
compiling process.c...
compiling userproc.c...
compiling HAL.c...
compiling memory.c...
linking...
Program Size: Code=3748 RO-data=376 RW-data=40 ZI-data=632  
"Lab0.axf" - 0 Error(s), 0 Warning(s).
Load "N:\\se350\\SE350-Lab0\\Lab0.AXF" 
No Algorithm found for: 10000000H - 1000103FH
Partial Erase Done (areas with no algorithms skipped!)
No Algorithm found for: 10000000H - 1000103FH
Partial Programming Done (areas with no algorithms skipped!)
Partial Verify OK (areas with no algorithms skipped!)
Rebuild target 'HelloWorld SIM'
assembling startup_LPC17xx.s...
compiling system_LPC17xx.c...
compiling uart_polling.c...
compiling main.c...
compiling process.c...
compiling userproc.c...
compiling HAL.c...
compiling memory.c...
linking...
Program Size: Code=3748 RO-data=376 RW-data=40 ZI-data=632  
"Lab0.axf" - 0 Error(s), 0 Warning(s).
Load "N:\\se350\\SE350-Lab0\\Lab0.AXF" 
No Algorithm found for: 10000000H - 1000103FH
Partial Erase Done (areas with no algorithms skipped!)
No Algorithm found for: 10000000H - 1000103FH
Partial Programming Done (areas with no algorithms skipped!)
Partial Verify OK (areas with no algorithms skipped!)
Rebuild target 'HelloWorld SIM'
assembling startup_LPC17xx.s...
compiling system_LPC17xx.c...
compiling uart_polling.c...
compiling main.c...
compiling process.c...
compiling userproc.c...
compiling HAL.c...
compiling memory.c...
linking...
Program Size: Code=3808 RO-data=376 RW-data=40 ZI-data=632  
"Lab0.axf" - 0 Error(s), 0 Warning(s).
Rebuild target 'HelloWorld SIM'
assembling startup_LPC17xx.s...
compiling system_LPC17xx.c...
compiling uart_polling.c...
compiling main.c...
compiling process.c...
compiling userproc.c...
compiling HAL.c...
compiling memory.c...
linking...
Program Size: Code=3808 RO-data=376 RW-data=40 ZI-data=632  
"Lab0.axf" - 0 Error(s), 0 Warning(s).
Load "N:\\se350\\SE350-Lab0\\Lab0.AXF" 
No Algorithm found for: 10000000H - 1000107BH
Partial Erase Done (areas with no algorithms skipped!)
No Algorithm found for: 10000000H - 1000107BH
Partial Programming Done (areas with no algorithms skipped!)
Partial Verify OK (areas with no algorithms skipped!)
Rebuild target 'HelloWorld SIM'
assembling startup_LPC17xx.s...
compiling system_LPC17xx.c...
compiling uart_polling.c...
compiling main.c...
compiling process.c...
compiling userproc.c...
compiling HAL.c...
compiling memory.c...
linking...
Program Size: Code=3884 RO-data=376 RW-data=40 ZI-data=632  
"Lab0.axf" - 0 Error(s), 0 Warning(s).
Load "N:\\se350\\SE350-Lab0\\Lab0.AXF" 
No Algorithm found for: 10000000H - 100010C7H
Partial Erase Done (areas with no algorithms skipped!)
No Algorithm found for: 10000000H - 100010C7H
Partial Programming Done (areas with no algorithms skipped!)
Partial Verify OK (areas with no algorithms skipped!)
Rebuild target 'HelloWorld SIM'
assembling startup_LPC17xx.s...
compiling system_LPC17xx.c...
compiling uart_polling.c...
compiling main.c...
compiling process.c...
compiling userproc.c...
compiling HAL.c...
compiling memory.c...
linking...
Program Size: Code=3892 RO-data=376 RW-data=40 ZI-data=632  
"Lab0.axf" - 0 Error(s), 0 Warning(s).
Load "N:\\se350\\SE350-Lab0\\Lab0.AXF" 
No Algorithm found for: 10000000H - 100010CFH
Partial Erase Done (areas with no algorithms skipped!)
No Algorithm found for: 10000000H - 100010CFH
Partial Programming Done (areas with no algorithms skipped!)
Partial Verify OK (areas with no algorithms skipped!)
Rebuild target 'HelloWorld SIM'
assembling startup_LPC17xx.s...
compiling system_LPC17xx.c...
compiling uart_polling.c...
compiling main.c...
compiling process.c...
compiling userproc.c...
compiling HAL.c...
compiling memory.c...
linking...
Program Size: Code=3908 RO-data=376 RW-data=40 ZI-data=632  
"Lab0.axf" - 0 Error(s), 0 Warning(s).
Load "N:\\se350\\SE350-Lab0\\Lab0.AXF" 
No Algorithm found for: 10000000H - 100010DFH
Partial Erase Done (areas with no algorithms skipped!)
No Algorithm found for: 10000000H - 100010DFH
Partial Programming Done (areas with no algorithms skipped!)
Partial Verify OK (areas with no algorithms skipped!)
Rebuild target 'HelloWorld SIM'
assembling startup_LPC17xx.s...
compiling system_LPC17xx.c...
compiling uart_polling.c...
compiling main.c...
compiling process.c...
compiling userproc.c...
compiling HAL.c...
compiling memory.c...
linking...
Program Size: Code=3908 RO-data=376 RW-data=40 ZI-data=632  
"Lab0.axf" - 0 Error(s), 0 Warning(s).
Rebuild target 'HelloWorld SIM'
assembling startup_LPC17xx.s...
compiling system_LPC17xx.c...
compiling uart_polling.c...
compiling main.c...
compiling process.c...
compiling userproc.c...
compiling HAL.c...
compiling memory.c...
linking...
Program Size: Code=3908 RO-data=376 RW-data=40 ZI-data=632  
"Lab0.axf" - 0 Error(s), 0 Warning(s).
Load "N:\\se350\\SE350-Lab0\\Lab0.AXF" 
No Algorithm found for: 10000000H - 100010DFH
Partial Erase Done (areas with no algorithms skipped!)
No Algorithm found for: 10000000H - 100010DFH
Partial Programming Done (areas with no algorithms skipped!)
Partial Verify OK (areas with no algorithms skipped!)
Rebuild target 'HelloWorld SIM'
assembling startup_LPC17xx.s...
compiling system_LPC17xx.c...
compiling uart_polling.c...
compiling main.c...
compiling process.c...
compiling userproc.c...
compiling HAL.c...
compiling memory.c...
linking...
Program Size: Code=3908 RO-data=376 RW-data=40 ZI-data=632  
"Lab0.axf" - 0 Error(s), 0 Warning(s).
Load "N:\\se350\\SE350-Lab0\\Lab0.AXF" 
No Algorithm found for: 10000000H - 100010DFH
Partial Erase Done (areas with no algorithms skipped!)
No Algorithm found for: 10000000H - 100010DFH
Partial Programming Done (areas with no algorithms skipped!)
Partial Verify OK (areas with no algorithms skipped!)
Rebuild target 'HelloWorld SIM'
assembling startup_LPC17xx.s...
compiling system_LPC17xx.c...
compiling uart_polling.c...
compiling main.c...
compiling process.c...
compiling userproc.c...
compiling HAL.c...
compiling memory.c...
linking...
Program Size: Code=3928 RO-data=376 RW-data=40 ZI-data=632  
"Lab0.axf" - 0 Error(s), 0 Warning(s).
Load "N:\\se350\\SE350-Lab0\\Lab0.AXF" 
No Algorithm found for: 10000000H - 100010F3H
Partial Erase Done (areas with no algorithms skipped!)
No Algorithm found for: 10000000H - 100010F3H
Partial Programming Done (areas with no algorithms skipped!)
Partial Verify OK (areas with no algorithms skipped!)
Clean started: Project: 'Lab0'
   deleting intermediate output files for target 'HelloWorld SIM'
