<html>
<body>
<pre>
<h1>µVision Build Log</h1>
<h2>Project:</h2>
N:\se350\SE350-Lab0\Lab0.uvproj
Project File Date:  01/31/2013

<h2>Output:</h2>
Rebuild target 'HelloWorld SIM'
assembling startup_LPC17xx.s...
compiling system_LPC17xx.c...
compiling uart_polling.c...
compiling main.c...
compiling process.c...
compiling userproc.c...
userproc.c(14): warning:  #223-D: function "s_release_memory_block" declared implicitly
userproc.c(11): warning:  #177-D: variable "errorFlag" was declared but never referenced
userproc.c(35): warning:  #174-D: expression has no effect
userproc.c(36): warning:  #223-D: function "s_release_memory_block" declared implicitly
userproc.c(60): warning:  #223-D: function "uart1_put_hex" declared implicitly
userproc.c(71): warning:  #174-D: expression has no effect
userproc.c(72): warning:  #223-D: function "s_release_memory_block" declared implicitly
userproc.c(74): warning:  #223-D: function "s_release_memory_block" declared implicitly
userproc.c(85): warning:  #223-D: function "set_process_priority" declared implicitly
userproc.c(96): warning:  #223-D: function "set_process_priority" declared implicitly
userproc.c(120): warning:  #1-D: last line of file ends without a newline
compiling HAL.c...
compiling memory.c...
linking...
Program Size: Code=3040 RO-data=372 RW-data=32 ZI-data=632  
"Lab0.axf" - 0 Error(s), 11 Warning(s).
Load "N:\\se350\\SE350-Lab0\\Lab0.AXF" 
No Algorithm found for: 10000000H - 10000D6FH
Partial Erase Done (areas with no algorithms skipped!)
No Algorithm found for: 10000000H - 10000D6FH
Partial Programming Done (areas with no algorithms skipped!)
Partial Verify OK (areas with no algorithms skipped!)
Rebuild target 'HelloWorld SIM'
assembling startup_LPC17xx.s...
compiling system_LPC17xx.c...
compiling uart_polling.c...
compiling main.c...
process.h(48): error:  #147: declaration is incompatible with "void *release_processor(void)" (declared at line 20 of "rtx.h")
compiling process.c...
process.c(67): error:  #20: identifier "blockQueues" is undefined
process.c(184): warning:  #223-D: function "add_process" declared implicitly
process.c(190): warning:  #223-D: function "manage_processor" declared implicitly
compiling userproc.c...
userproc.c(14): warning:  #223-D: function "s_release_memory_block" declared implicitly
userproc.c(11): warning:  #177-D: variable "errorFlag" was declared but never referenced
userproc.c(35): warning:  #174-D: expression has no effect
userproc.c(36): warning:  #223-D: function "s_release_memory_block" declared implicitly
userproc.c(60): warning:  #223-D: function "uart1_put_hex" declared implicitly
userproc.c(71): warning:  #174-D: expression has no effect
userproc.c(72): warning:  #223-D: function "s_release_memory_block" declared implicitly
userproc.c(74): warning:  #223-D: function "s_release_memory_block" declared implicitly
userproc.c(85): warning:  #223-D: function "set_process_priority" declared implicitly
userproc.c(96): warning:  #223-D: function "set_process_priority" declared implicitly
userproc.c(120): warning:  #1-D: last line of file ends without a newline
compiling HAL.c...
compiling memory.c...
memory.c(95): warning:  #223-D: function "release_process_to_queue" declared implicitly
Target not created
Rebuild target 'HelloWorld SIM'
assembling startup_LPC17xx.s...
compiling system_LPC17xx.c...
compiling uart_polling.c...
compiling main.c...
compiling process.c...
process.c(67): error:  #20: identifier "blockQueues" is undefined
process.c(184): warning:  #223-D: function "add_process" declared implicitly
process.c(190): warning:  #223-D: function "manage_processor" declared implicitly
compiling userproc.c...
userproc.c(14): warning:  #223-D: function "s_release_memory_block" declared implicitly
userproc.c(11): warning:  #177-D: variable "errorFlag" was declared but never referenced
userproc.c(35): warning:  #174-D: expression has no effect
userproc.c(36): warning:  #223-D: function "s_release_memory_block" declared implicitly
userproc.c(60): warning:  #223-D: function "uart1_put_hex" declared implicitly
userproc.c(71): warning:  #174-D: expression has no effect
userproc.c(72): warning:  #223-D: function "s_release_memory_block" declared implicitly
userproc.c(74): warning:  #223-D: function "s_release_memory_block" declared implicitly
userproc.c(85): warning:  #223-D: function "set_process_priority" declared implicitly
userproc.c(96): warning:  #223-D: function "set_process_priority" declared implicitly
userproc.c(120): warning:  #1-D: last line of file ends without a newline
compiling HAL.c...
compiling memory.c...
memory.c(95): warning:  #223-D: function "release_process_to_queue" declared implicitly
Target not created
Rebuild target 'HelloWorld SIM'
assembling startup_LPC17xx.s...
compiling system_LPC17xx.c...
compiling uart_polling.c...
compiling main.c...
compiling process.c...
process.c(67): error:  #513: a value of type "ProcessQueue *" cannot be assigned to an entity of type "ProcessQueue **"
process.c(69): error:  #154: expression must have struct or union type
process.c(70): error:  #154: expression must have struct or union type
process.c(71): error:  #154: expression must have struct or union type
process.c(184): warning:  #223-D: function "add_process" declared implicitly
process.c(190): warning:  #223-D: function "manage_processor" declared implicitly
compiling userproc.c...
userproc.c(14): warning:  #223-D: function "s_release_memory_block" declared implicitly
userproc.c(11): warning:  #177-D: variable "errorFlag" was declared but never referenced
userproc.c(35): warning:  #174-D: expression has no effect
userproc.c(36): warning:  #223-D: function "s_release_memory_block" declared implicitly
userproc.c(60): warning:  #223-D: function "uart1_put_hex" declared implicitly
userproc.c(71): warning:  #174-D: expression has no effect
userproc.c(72): warning:  #223-D: function "s_release_memory_block" declared implicitly
userproc.c(74): warning:  #223-D: function "s_release_memory_block" declared implicitly
userproc.c(85): warning:  #223-D: function "set_process_priority" declared implicitly
userproc.c(96): warning:  #223-D: function "set_process_priority" declared implicitly
userproc.c(120): warning:  #1-D: last line of file ends without a newline
compiling HAL.c...
compiling memory.c...
memory.c(95): warning:  #223-D: function "release_process_to_queue" declared implicitly
Target not created
Rebuild target 'HelloWorld SIM'
assembling startup_LPC17xx.s...
compiling system_LPC17xx.c...
compiling uart_polling.c...
compiling main.c...
compiling process.c...
process.c(69): error:  #154: expression must have struct or union type
process.c(70): error:  #154: expression must have struct or union type
process.c(71): error:  #154: expression must have struct or union type
process.c(184): warning:  #223-D: function "add_process" declared implicitly
process.c(190): warning:  #223-D: function "manage_processor" declared implicitly
compiling userproc.c...
userproc.c(14): warning:  #223-D: function "s_release_memory_block" declared implicitly
userproc.c(11): warning:  #177-D: variable "errorFlag" was declared but never referenced
userproc.c(35): warning:  #174-D: expression has no effect
userproc.c(36): warning:  #223-D: function "s_release_memory_block" declared implicitly
userproc.c(60): warning:  #223-D: function "uart1_put_hex" declared implicitly
userproc.c(71): warning:  #174-D: expression has no effect
userproc.c(72): warning:  #223-D: function "s_release_memory_block" declared implicitly
userproc.c(74): warning:  #223-D: function "s_release_memory_block" declared implicitly
userproc.c(85): warning:  #223-D: function "set_process_priority" declared implicitly
userproc.c(96): warning:  #223-D: function "set_process_priority" declared implicitly
userproc.c(120): warning:  #1-D: last line of file ends without a newline
compiling HAL.c...
compiling memory.c...
memory.c(95): warning:  #223-D: function "release_process_to_queue" declared implicitly
Target not created
Rebuild target 'HelloWorld SIM'
assembling startup_LPC17xx.s...
compiling system_LPC17xx.c...
compiling uart_polling.c...
compiling main.c...
compiling process.c...
process.c(69): error:  #44: expression must have pointer type
process.c(70): error:  #44: expression must have pointer type
process.c(71): error:  #44: expression must have pointer type
process.c(184): warning:  #223-D: function "add_process" declared implicitly
process.c(190): warning:  #223-D: function "manage_processor" declared implicitly
compiling userproc.c...
userproc.c(14): warning:  #223-D: function "s_release_memory_block" declared implicitly
userproc.c(11): warning:  #177-D: variable "errorFlag" was declared but never referenced
userproc.c(35): warning:  #174-D: expression has no effect
userproc.c(36): warning:  #223-D: function "s_release_memory_block" declared implicitly
userproc.c(60): warning:  #223-D: function "uart1_put_hex" declared implicitly
userproc.c(71): warning:  #174-D: expression has no effect
userproc.c(72): warning:  #223-D: function "s_release_memory_block" declared implicitly
userproc.c(74): warning:  #223-D: function "s_release_memory_block" declared implicitly
userproc.c(85): warning:  #223-D: function "set_process_priority" declared implicitly
userproc.c(96): warning:  #223-D: function "set_process_priority" declared implicitly
userproc.c(120): warning:  #1-D: last line of file ends without a newline
compiling HAL.c...
compiling memory.c...
memory.c(95): warning:  #223-D: function "release_process_to_queue" declared implicitly
Target not created
Rebuild target 'HelloWorld SIM'
assembling startup_LPC17xx.s...
compiling system_LPC17xx.c...
compiling uart_polling.c...
compiling main.c...
compiling process.c...
process.c(185): warning:  #223-D: function "add_process" declared implicitly
process.c(191): warning:  #223-D: function "manage_processor" declared implicitly
compiling userproc.c...
userproc.c(14): warning:  #223-D: function "s_release_memory_block" declared implicitly
userproc.c(11): warning:  #177-D: variable "errorFlag" was declared but never referenced
userproc.c(35): warning:  #174-D: expression has no effect
userproc.c(36): warning:  #223-D: function "s_release_memory_block" declared implicitly
userproc.c(60): warning:  #223-D: function "uart1_put_hex" declared implicitly
userproc.c(71): warning:  #174-D: expression has no effect
userproc.c(72): warning:  #223-D: function "s_release_memory_block" declared implicitly
userproc.c(74): warning:  #223-D: function "s_release_memory_block" declared implicitly
userproc.c(85): warning:  #223-D: function "set_process_priority" declared implicitly
userproc.c(96): warning:  #223-D: function "set_process_priority" declared implicitly
userproc.c(120): warning:  #1-D: last line of file ends without a newline
compiling HAL.c...
compiling memory.c...
memory.c(95): warning:  #223-D: function "release_process_to_queue" declared implicitly
linking...
Lab0.axf: Error: L6218E: Undefined symbol add_process (referred from process.o).
Lab0.axf: Error: L6218E: Undefined symbol manage_processor (referred from process.o).
Lab0.axf: Error: L6218E: Undefined symbol release_process_to_queue (referred from memory.o).
Target not created
Rebuild target 'HelloWorld SIM'
assembling startup_LPC17xx.s...
compiling system_LPC17xx.c...
compiling uart_polling.c...
compiling main.c...
compiling process.c...
process.c(191): warning:  #223-D: function "manage_processor" declared implicitly
compiling userproc.c...
userproc.c(14): warning:  #223-D: function "s_release_memory_block" declared implicitly
userproc.c(11): warning:  #177-D: variable "errorFlag" was declared but never referenced
userproc.c(35): warning:  #174-D: expression has no effect
userproc.c(36): warning:  #223-D: function "s_release_memory_block" declared implicitly
userproc.c(60): warning:  #223-D: function "uart1_put_hex" declared implicitly
userproc.c(71): warning:  #174-D: expression has no effect
userproc.c(72): warning:  #223-D: function "s_release_memory_block" declared implicitly
userproc.c(74): warning:  #223-D: function "s_release_memory_block" declared implicitly
userproc.c(85): warning:  #223-D: function "set_process_priority" declared implicitly
userproc.c(96): warning:  #223-D: function "set_process_priority" declared implicitly
userproc.c(120): warning:  #1-D: last line of file ends without a newline
compiling HAL.c...
compiling memory.c...
memory.c(95): warning:  #223-D: function "release_process_to_queue" declared implicitly
linking...
Lab0.axf: Error: L6218E: Undefined symbol manage_processor (referred from process.o).
Lab0.axf: Error: L6218E: Undefined symbol release_process_to_queue (referred from memory.o).
Target not created
Rebuild target 'HelloWorld SIM'
assembling startup_LPC17xx.s...
compiling system_LPC17xx.c...
compiling uart_polling.c...
compiling main.c...
compiling process.c...
compiling userproc.c...
userproc.c(14): warning:  #223-D: function "s_release_memory_block" declared implicitly
userproc.c(11): warning:  #177-D: variable "errorFlag" was declared but never referenced
userproc.c(35): warning:  #174-D: expression has no effect
userproc.c(36): warning:  #223-D: function "s_release_memory_block" declared implicitly
userproc.c(60): warning:  #223-D: function "uart1_put_hex" declared implicitly
userproc.c(71): warning:  #174-D: expression has no effect
userproc.c(72): warning:  #223-D: function "s_release_memory_block" declared implicitly
userproc.c(74): warning:  #223-D: function "s_release_memory_block" declared implicitly
userproc.c(85): warning:  #223-D: function "set_process_priority" declared implicitly
userproc.c(96): warning:  #223-D: function "set_process_priority" declared implicitly
userproc.c(120): warning:  #1-D: last line of file ends without a newline
compiling HAL.c...
compiling memory.c...
memory.c(95): warning:  #223-D: function "release_process_to_queue" declared implicitly
linking...
Lab0.axf: Error: L6218E: Undefined symbol release_process_to_queue (referred from memory.o).
Target not created
Rebuild target 'HelloWorld SIM'
assembling startup_LPC17xx.s...
compiling system_LPC17xx.c...
compiling uart_polling.c...
compiling main.c...
compiling process.c...
compiling userproc.c...
userproc.c(14): warning:  #223-D: function "s_release_memory_block" declared implicitly
userproc.c(11): warning:  #177-D: variable "errorFlag" was declared but never referenced
userproc.c(35): warning:  #174-D: expression has no effect
userproc.c(36): warning:  #223-D: function "s_release_memory_block" declared implicitly
userproc.c(60): warning:  #223-D: function "uart1_put_hex" declared implicitly
userproc.c(71): warning:  #174-D: expression has no effect
userproc.c(72): warning:  #223-D: function "s_release_memory_block" declared implicitly
userproc.c(74): warning:  #223-D: function "s_release_memory_block" declared implicitly
userproc.c(85): warning:  #223-D: function "set_process_priority" declared implicitly
userproc.c(96): warning:  #223-D: function "set_process_priority" declared implicitly
userproc.c(120): warning:  #1-D: last line of file ends without a newline
compiling HAL.c...
compiling memory.c...
linking...
Program Size: Code=3200 RO-data=372 RW-data=36 ZI-data=636  
"Lab0.axf" - 0 Error(s), 11 Warning(s).
Load "N:\\se350\\SE350-Lab0\\Lab0.AXF" 
No Algorithm found for: 10000000H - 10000E13H
Partial Erase Done (areas with no algorithms skipped!)
No Algorithm found for: 10000000H - 10000E13H
Partial Programming Done (areas with no algorithms skipped!)
Partial Verify OK (areas with no algorithms skipped!)
Rebuild target 'HelloWorld SIM'
assembling startup_LPC17xx.s...
compiling system_LPC17xx.c...
compiling uart_polling.c...
compiling main.c...
compiling process.c...
compiling userproc.c...
userproc.c(14): warning:  #223-D: function "s_release_memory_block" declared implicitly
userproc.c(11): warning:  #177-D: variable "errorFlag" was declared but never referenced
userproc.c(35): warning:  #174-D: expression has no effect
userproc.c(36): warning:  #223-D: function "s_release_memory_block" declared implicitly
userproc.c(60): warning:  #223-D: function "uart1_put_hex" declared implicitly
userproc.c(71): warning:  #174-D: expression has no effect
userproc.c(72): warning:  #223-D: function "s_release_memory_block" declared implicitly
userproc.c(74): warning:  #223-D: function "s_release_memory_block" declared implicitly
userproc.c(85): warning:  #223-D: function "set_process_priority" declared implicitly
userproc.c(96): warning:  #223-D: function "set_process_priority" declared implicitly
userproc.c(120): warning:  #1-D: last line of file ends without a newline
compiling HAL.c...
compiling memory.c...
linking...
Program Size: Code=3208 RO-data=372 RW-data=36 ZI-data=636  
"Lab0.axf" - 0 Error(s), 11 Warning(s).
Load "N:\\se350\\SE350-Lab0\\Lab0.AXF" 
No Algorithm found for: 10000000H - 10000E1BH
Partial Erase Done (areas with no algorithms skipped!)
No Algorithm found for: 10000000H - 10000E1BH
Partial Programming Done (areas with no algorithms skipped!)
Partial Verify OK (areas with no algorithms skipped!)
Rebuild target 'HelloWorld SIM'
assembling startup_LPC17xx.s...
compiling system_LPC17xx.c...
compiling uart_polling.c...
compiling main.c...
compiling process.c...
compiling userproc.c...
userproc.c(14): warning:  #223-D: function "s_release_memory_block" declared implicitly
userproc.c(11): warning:  #177-D: variable "errorFlag" was declared but never referenced
userproc.c(35): warning:  #174-D: expression has no effect
userproc.c(36): warning:  #223-D: function "s_release_memory_block" declared implicitly
userproc.c(60): warning:  #223-D: function "uart1_put_hex" declared implicitly
userproc.c(71): warning:  #174-D: expression has no effect
userproc.c(72): warning:  #223-D: function "s_release_memory_block" declared implicitly
userproc.c(74): warning:  #223-D: function "s_release_memory_block" declared implicitly
userproc.c(85): warning:  #223-D: function "set_process_priority" declared implicitly
userproc.c(96): warning:  #223-D: function "set_process_priority" declared implicitly
userproc.c(120): warning:  #1-D: last line of file ends without a newline
compiling HAL.c...
compiling memory.c...
linking...
Program Size: Code=3212 RO-data=372 RW-data=36 ZI-data=636  
"Lab0.axf" - 0 Error(s), 11 Warning(s).
Load "N:\\se350\\SE350-Lab0\\Lab0.AXF" 
No Algorithm found for: 10000000H - 10000E1FH
Partial Erase Done (areas with no algorithms skipped!)
No Algorithm found for: 10000000H - 10000E1FH
Partial Programming Done (areas with no algorithms skipped!)
Partial Verify OK (areas with no algorithms skipped!)
Rebuild target 'HelloWorld SIM'
assembling startup_LPC17xx.s...
compiling system_LPC17xx.c...
compiling uart_polling.c...
compiling main.c...
compiling process.c...
compiling userproc.c...
userproc.c(14): warning:  #223-D: function "s_release_memory_block" declared implicitly
userproc.c(11): warning:  #177-D: variable "errorFlag" was declared but never referenced
userproc.c(35): warning:  #174-D: expression has no effect
userproc.c(36): warning:  #223-D: function "s_release_memory_block" declared implicitly
userproc.c(60): warning:  #223-D: function "uart1_put_hex" declared implicitly
userproc.c(71): warning:  #174-D: expression has no effect
userproc.c(72): warning:  #223-D: function "s_release_memory_block" declared implicitly
userproc.c(74): warning:  #223-D: function "s_release_memory_block" declared implicitly
userproc.c(85): warning:  #223-D: function "set_process_priority" declared implicitly
userproc.c(96): warning:  #223-D: function "set_process_priority" declared implicitly
userproc.c(120): warning:  #1-D: last line of file ends without a newline
compiling HAL.c...
compiling memory.c...
memory.c(129): warning:  #1-D: last line of file ends without a newline
linking...
Program Size: Code=3308 RO-data=372 RW-data=36 ZI-data=636  
"Lab0.axf" - 0 Error(s), 12 Warning(s).
Load "N:\\se350\\SE350-Lab0\\Lab0.AXF" 
No Algorithm found for: 10000000H - 10000E7FH
Partial Erase Done (areas with no algorithms skipped!)
No Algorithm found for: 10000000H - 10000E7FH
Partial Programming Done (areas with no algorithms skipped!)
Partial Verify OK (areas with no algorithms skipped!)
Rebuild target 'HelloWorld SIM'
assembling startup_LPC17xx.s...
compiling system_LPC17xx.c...
compiling uart_polling.c...
compiling main.c...
compiling process.c...
compiling userproc.c...
userproc.c(14): warning:  #223-D: function "s_release_memory_block" declared implicitly
userproc.c(11): warning:  #177-D: variable "errorFlag" was declared but never referenced
userproc.c(35): warning:  #174-D: expression has no effect
userproc.c(36): warning:  #223-D: function "s_release_memory_block" declared implicitly
userproc.c(60): warning:  #223-D: function "uart1_put_hex" declared implicitly
userproc.c(71): warning:  #174-D: expression has no effect
userproc.c(72): warning:  #223-D: function "s_release_memory_block" declared implicitly
userproc.c(74): warning:  #223-D: function "s_release_memory_block" declared implicitly
userproc.c(85): warning:  #223-D: function "set_process_priority" declared implicitly
userproc.c(96): warning:  #223-D: function "set_process_priority" declared implicitly
userproc.c(120): warning:  #1-D: last line of file ends without a newline
compiling HAL.c...
compiling memory.c...
memory.c(129): warning:  #1-D: last line of file ends without a newline
linking...
Program Size: Code=3312 RO-data=372 RW-data=36 ZI-data=636  
"Lab0.axf" - 0 Error(s), 12 Warning(s).
Load "N:\\se350\\SE350-Lab0\\Lab0.AXF" 
No Algorithm found for: 10000000H - 10000E83H
Partial Erase Done (areas with no algorithms skipped!)
No Algorithm found for: 10000000H - 10000E83H
Partial Programming Done (areas with no algorithms skipped!)
Partial Verify OK (areas with no algorithms skipped!)
Rebuild target 'HelloWorld SIM'
assembling startup_LPC17xx.s...
compiling system_LPC17xx.c...
compiling uart_polling.c...
compiling main.c...
compiling process.c...
compiling userproc.c...
userproc.c(14): warning:  #223-D: function "s_release_memory_block" declared implicitly
userproc.c(36): warning:  #174-D: expression has no effect
userproc.c(37): warning:  #223-D: function "s_release_memory_block" declared implicitly
userproc.c(61): warning:  #223-D: function "uart1_put_hex" declared implicitly
userproc.c(72): warning:  #174-D: expression has no effect
userproc.c(73): warning:  #223-D: function "s_release_memory_block" declared implicitly
userproc.c(75): warning:  #223-D: function "s_release_memory_block" declared implicitly
userproc.c(86): warning:  #223-D: function "set_process_priority" declared implicitly
userproc.c(97): warning:  #223-D: function "set_process_priority" declared implicitly
userproc.c(120): warning:  #1-D: last line of file ends without a newline
compiling HAL.c...
compiling memory.c...
memory.c(129): warning:  #1-D: last line of file ends without a newline
linking...
Program Size: Code=3312 RO-data=372 RW-data=36 ZI-data=636  
"Lab0.axf" - 0 Error(s), 11 Warning(s).
Load "N:\\se350\\SE350-Lab0\\Lab0.AXF" 
No Algorithm found for: 10000000H - 10000E83H
Partial Erase Done (areas with no algorithms skipped!)
No Algorithm found for: 10000000H - 10000E83H
Partial Programming Done (areas with no algorithms skipped!)
Partial Verify OK (areas with no algorithms skipped!)
Rebuild target 'HelloWorld SIM'
assembling startup_LPC17xx.s...
compiling system_LPC17xx.c...
compiling uart_polling.c...
compiling main.c...
compiling process.c...
compiling userproc.c...
userproc.c(14): warning:  #223-D: function "s_release_memory_block" declared implicitly
userproc.c(36): warning:  #174-D: expression has no effect
userproc.c(37): warning:  #223-D: function "s_release_memory_block" declared implicitly
userproc.c(61): warning:  #223-D: function "uart1_put_hex" declared implicitly
userproc.c(72): warning:  #174-D: expression has no effect
userproc.c(73): warning:  #223-D: function "s_release_memory_block" declared implicitly
userproc.c(75): warning:  #223-D: function "s_release_memory_block" declared implicitly
userproc.c(86): warning:  #223-D: function "set_process_priority" declared implicitly
userproc.c(97): warning:  #223-D: function "set_process_priority" declared implicitly
userproc.c(111): warning:  #223-D: function "relase_processor" declared implicitly
userproc.c(121): warning:  #1-D: last line of file ends without a newline
compiling HAL.c...
compiling memory.c...
memory.c(129): warning:  #1-D: last line of file ends without a newline
linking...
Lab0.axf: Error: L6218E: Undefined symbol relase_processor (referred from userproc.o).
Target not created
Rebuild target 'HelloWorld SIM'
assembling startup_LPC17xx.s...
compiling system_LPC17xx.c...
compiling uart_polling.c...
compiling main.c...
compiling process.c...
compiling userproc.c...
userproc.c(14): warning:  #223-D: function "s_release_memory_block" declared implicitly
userproc.c(36): warning:  #174-D: expression has no effect
userproc.c(37): warning:  #223-D: function "s_release_memory_block" declared implicitly
userproc.c(61): warning:  #223-D: function "uart1_put_hex" declared implicitly
userproc.c(72): warning:  #174-D: expression has no effect
userproc.c(73): warning:  #223-D: function "s_release_memory_block" declared implicitly
userproc.c(75): warning:  #223-D: function "s_release_memory_block" declared implicitly
userproc.c(86): warning:  #223-D: function "set_process_priority" declared implicitly
userproc.c(97): warning:  #223-D: function "set_process_priority" declared implicitly
userproc.c(121): warning:  #1-D: last line of file ends without a newline
compiling HAL.c...
compiling memory.c...
memory.c(129): warning:  #1-D: last line of file ends without a newline
linking...
Program Size: Code=3316 RO-data=372 RW-data=36 ZI-data=636  
"Lab0.axf" - 0 Error(s), 11 Warning(s).
Load "N:\\se350\\SE350-Lab0\\Lab0.AXF" 
No Algorithm found for: 10000000H - 10000E87H
Partial Erase Done (areas with no algorithms skipped!)
No Algorithm found for: 10000000H - 10000E87H
Partial Programming Done (areas with no algorithms skipped!)
Partial Verify OK (areas with no algorithms skipped!)
Rebuild target 'HelloWorld SIM'
assembling startup_LPC17xx.s...
compiling system_LPC17xx.c...
compiling uart_polling.c...
compiling main.c...
compiling process.c...
compiling userproc.c...
userproc.c(14): warning:  #223-D: function "s_release_memory_block" declared implicitly
userproc.c(11): warning:  #177-D: variable "errorFlag" was declared but never referenced
userproc.c(35): warning:  #174-D: expression has no effect
userproc.c(36): warning:  #223-D: function "s_release_memory_block" declared implicitly
userproc.c(60): warning:  #223-D: function "uart1_put_hex" declared implicitly
userproc.c(71): warning:  #174-D: expression has no effect
userproc.c(72): warning:  #223-D: function "s_release_memory_block" declared implicitly
userproc.c(74): warning:  #223-D: function "s_release_memory_block" declared implicitly
userproc.c(85): warning:  #223-D: function "set_process_priority" declared implicitly
userproc.c(96): warning:  #223-D: function "set_process_priority" declared implicitly
userproc.c(121): warning:  #1-D: last line of file ends without a newline
compiling HAL.c...
compiling memory.c...
memory.c(113): warning:  #223-D: function "uart1_put_hex" declared implicitly
memory.c(132): warning:  #1-D: last line of file ends without a newline
linking...
Program Size: Code=3364 RO-data=372 RW-data=40 ZI-data=632  
"Lab0.axf" - 0 Error(s), 13 Warning(s).
Load "N:\\se350\\SE350-Lab0\\Lab0.AXF" 
No Algorithm found for: 10000000H - 10000EBBH
Partial Erase Done (areas with no algorithms skipped!)
No Algorithm found for: 10000000H - 10000EBBH
Partial Programming Done (areas with no algorithms skipped!)
Partial Verify OK (areas with no algorithms skipped!)
Rebuild target 'HelloWorld SIM'
assembling startup_LPC17xx.s...
compiling system_LPC17xx.c...
compiling uart_polling.c...
compiling main.c...
compiling process.c...
compiling userproc.c...
userproc.c(14): warning:  #223-D: function "s_release_memory_block" declared implicitly
userproc.c(11): warning:  #177-D: variable "errorFlag" was declared but never referenced
userproc.c(35): warning:  #174-D: expression has no effect
userproc.c(36): warning:  #223-D: function "s_release_memory_block" declared implicitly
userproc.c(60): warning:  #223-D: function "uart1_put_hex" declared implicitly
userproc.c(63): warning:  #223-D: function "uart1_put_hex" declared implicitly
userproc.c(72): warning:  #174-D: expression has no effect
userproc.c(73): warning:  #223-D: function "s_release_memory_block" declared implicitly
userproc.c(75): warning:  #223-D: function "s_release_memory_block" declared implicitly
userproc.c(86): warning:  #223-D: function "set_process_priority" declared implicitly
userproc.c(97): warning:  #223-D: function "set_process_priority" declared implicitly
userproc.c(122): warning:  #1-D: last line of file ends without a newline
compiling HAL.c...
compiling memory.c...
memory.c(129): warning:  #1-D: last line of file ends without a newline
linking...
Program Size: Code=3316 RO-data=372 RW-data=36 ZI-data=636  
"Lab0.axf" - 0 Error(s), 13 Warning(s).
Load "N:\\se350\\SE350-Lab0\\Lab0.AXF" 
No Algorithm found for: 10000000H - 10000E87H
Partial Erase Done (areas with no algorithms skipped!)
No Algorithm found for: 10000000H - 10000E87H
Partial Programming Done (areas with no algorithms skipped!)
Partial Verify OK (areas with no algorithms skipped!)
Rebuild target 'HelloWorld SIM'
assembling startup_LPC17xx.s...
compiling system_LPC17xx.c...
compiling uart_polling.c...
compiling main.c...
compiling process.c...
compiling userproc.c...
userproc.c(14): warning:  #223-D: function "s_release_memory_block" declared implicitly
userproc.c(11): warning:  #177-D: variable "errorFlag" was declared but never referenced
userproc.c(35): warning:  #174-D: expression has no effect
userproc.c(36): warning:  #223-D: function "s_release_memory_block" declared implicitly
userproc.c(60): warning:  #223-D: function "uart1_put_hex" declared implicitly
userproc.c(63): warning:  #223-D: function "uart1_put_hex" declared implicitly
userproc.c(72): warning:  #174-D: expression has no effect
userproc.c(73): warning:  #223-D: function "s_release_memory_block" declared implicitly
userproc.c(75): warning:  #223-D: function "s_release_memory_block" declared implicitly
userproc.c(86): warning:  #223-D: function "set_process_priority" declared implicitly
userproc.c(97): warning:  #223-D: function "set_process_priority" declared implicitly
userproc.c(122): warning:  #1-D: last line of file ends without a newline
compiling HAL.c...
compiling memory.c...
memory.c(129): warning:  #1-D: last line of file ends without a newline
linking...
Program Size: Code=3316 RO-data=372 RW-data=36 ZI-data=636  
"Lab0.axf" - 0 Error(s), 13 Warning(s).
Load "N:\\se350\\SE350-Lab0\\Lab0.AXF" 
No Algorithm found for: 10000000H - 10000E87H
Partial Erase Done (areas with no algorithms skipped!)
No Algorithm found for: 10000000H - 10000E87H
Partial Programming Done (areas with no algorithms skipped!)
Partial Verify OK (areas with no algorithms skipped!)
Rebuild target 'HelloWorld SIM'
assembling startup_LPC17xx.s...
compiling system_LPC17xx.c...
compiling uart_polling.c...
compiling main.c...
compiling process.c...
compiling userproc.c...
userproc.c(14): warning:  #223-D: function "s_release_memory_block" declared implicitly
userproc.c(21): error:  #20: identifier "true" is undefined
userproc.c(11): warning:  #177-D: variable "errorFlag" was declared but never referenced
userproc.c(29): error:  #20: identifier "true" is undefined
userproc.c(38): warning:  #174-D: expression has no effect
userproc.c(39): warning:  #223-D: function "s_release_memory_block" declared implicitly
userproc.c(49): error:  #20: identifier "true" is undefined
userproc.c(66): warning:  #223-D: function "uart1_put_hex" declared implicitly
userproc.c(79): warning:  #174-D: expression has no effect
userproc.c(80): warning:  #223-D: function "s_release_memory_block" declared implicitly
userproc.c(82): warning:  #223-D: function "s_release_memory_block" declared implicitly
userproc.c(91): error:  #20: identifier "true" is undefined
userproc.c(96): error:  #268: declaration may not appear after executable statement in block
userproc.c(101): warning:  #223-D: function "set_process_priority" declared implicitly
userproc.c(133): warning:  #1-D: last line of file ends without a newline
compiling HAL.c...
compiling memory.c...
memory.c(129): warning:  #1-D: last line of file ends without a newline
Target not created
Rebuild target 'HelloWorld SIM'
assembling startup_LPC17xx.s...
compiling system_LPC17xx.c...
compiling uart_polling.c...
compiling main.c...
compiling process.c...
compiling userproc.c...
userproc.c(14): warning:  #223-D: function "s_release_memory_block" declared implicitly
userproc.c(11): warning:  #177-D: variable "errorFlag" was declared but never referenced
userproc.c(38): warning:  #174-D: expression has no effect
userproc.c(39): warning:  #223-D: function "s_release_memory_block" declared implicitly
userproc.c(66): warning:  #223-D: function "uart1_put_hex" declared implicitly
userproc.c(79): warning:  #174-D: expression has no effect
userproc.c(80): warning:  #223-D: function "s_release_memory_block" declared implicitly
userproc.c(82): warning:  #223-D: function "s_release_memory_block" declared implicitly
userproc.c(96): error:  #268: declaration may not appear after executable statement in block
userproc.c(101): warning:  #223-D: function "set_process_priority" declared implicitly
userproc.c(133): warning:  #1-D: last line of file ends without a newline
compiling HAL.c...
compiling memory.c...
memory.c(129): warning:  #1-D: last line of file ends without a newline
Target not created
Rebuild target 'HelloWorld SIM'
assembling startup_LPC17xx.s...
compiling system_LPC17xx.c...
compiling uart_polling.c...
compiling main.c...
compiling process.c...
compiling userproc.c...
userproc.c(14): warning:  #223-D: function "s_release_memory_block" declared implicitly
userproc.c(11): warning:  #177-D: variable "errorFlag" was declared but never referenced
userproc.c(38): warning:  #174-D: expression has no effect
userproc.c(39): warning:  #223-D: function "s_release_memory_block" declared implicitly
userproc.c(66): warning:  #223-D: function "uart1_put_hex" declared implicitly
userproc.c(79): warning:  #174-D: expression has no effect
userproc.c(80): warning:  #223-D: function "s_release_memory_block" declared implicitly
userproc.c(82): warning:  #223-D: function "s_release_memory_block" declared implicitly
userproc.c(95): error:  #20: identifier "NULL" is undefined
userproc.c(102): warning:  #223-D: function "set_process_priority" declared implicitly
userproc.c(134): warning:  #1-D: last line of file ends without a newline
compiling HAL.c...
compiling memory.c...
memory.c(129): warning:  #1-D: last line of file ends without a newline
Target not created
Rebuild target 'HelloWorld SIM'
assembling startup_LPC17xx.s...
compiling system_LPC17xx.c...
compiling uart_polling.c...
compiling main.c...
compiling process.c...
compiling userproc.c...
userproc.c(14): warning:  #223-D: function "s_release_memory_block" declared implicitly
userproc.c(11): warning:  #177-D: variable "errorFlag" was declared but never referenced
userproc.c(38): warning:  #174-D: expression has no effect
userproc.c(39): warning:  #223-D: function "s_release_memory_block" declared implicitly
userproc.c(66): warning:  #223-D: function "uart1_put_hex" declared implicitly
userproc.c(79): warning:  #174-D: expression has no effect
userproc.c(80): warning:  #223-D: function "s_release_memory_block" declared implicitly
userproc.c(82): warning:  #223-D: function "s_release_memory_block" declared implicitly
userproc.c(95): warning:  #550-D: variable "block" was set but never used
userproc.c(102): warning:  #223-D: function "set_process_priority" declared implicitly
userproc.c(134): warning:  #1-D: last line of file ends without a newline
compiling HAL.c...
compiling memory.c...
memory.c(129): warning:  #1-D: last line of file ends without a newline
linking...
Program Size: Code=3380 RO-data=456 RW-data=36 ZI-data=636  
"Lab0.axf" - 0 Error(s), 12 Warning(s).
Load "N:\\se350\\SE350-Lab0\\Lab0.AXF" 
No Algorithm found for: 10000000H - 10000F1BH
Partial Erase Done (areas with no algorithms skipped!)
No Algorithm found for: 10000000H - 10000F1BH
Partial Programming Done (areas with no algorithms skipped!)
Partial Verify OK (areas with no algorithms skipped!)
Rebuild target 'HelloWorld SIM'
assembling startup_LPC17xx.s...
compiling system_LPC17xx.c...
compiling uart_polling.c...
compiling main.c...
compiling process.c...
compiling userproc.c...
userproc.c(14): warning:  #223-D: function "s_release_memory_block" declared implicitly
userproc.c(11): warning:  #177-D: variable "errorFlag" was declared but never referenced
userproc.c(38): warning:  #174-D: expression has no effect
userproc.c(39): warning:  #223-D: function "s_release_memory_block" declared implicitly
userproc.c(66): warning:  #223-D: function "uart1_put_hex" declared implicitly
userproc.c(79): warning:  #174-D: expression has no effect
userproc.c(80): warning:  #223-D: function "s_release_memory_block" declared implicitly
userproc.c(82): warning:  #223-D: function "s_release_memory_block" declared implicitly
userproc.c(95): warning:  #550-D: variable "block" was set but never used
userproc.c(106): warning:  #223-D: function "set_process_priority" declared implicitly
userproc.c(141): warning:  #1-D: last line of file ends without a newline
compiling HAL.c...
compiling memory.c...
memory.c(129): warning:  #1-D: last line of file ends without a newline
linking...
Program Size: Code=3380 RO-data=456 RW-data=36 ZI-data=636  
"Lab0.axf" - 0 Error(s), 12 Warning(s).
Load "N:\\se350\\SE350-Lab0\\Lab0.AXF" 
No Algorithm found for: 10000000H - 10000F1BH
Partial Erase Done (areas with no algorithms skipped!)
No Algorithm found for: 10000000H - 10000F1BH
Partial Programming Done (areas with no algorithms skipped!)
Partial Verify OK (areas with no algorithms skipped!)
Rebuild target 'HelloWorld SIM'
assembling startup_LPC17xx.s...
compiling system_LPC17xx.c...
compiling uart_polling.c...
compiling main.c...
compiling process.c...
compiling userproc.c...
userproc.c(14): warning:  #223-D: function "s_release_memory_block" declared implicitly
userproc.c(11): warning:  #177-D: variable "errorFlag" was declared but never referenced
userproc.c(38): warning:  #174-D: expression has no effect
userproc.c(39): warning:  #223-D: function "s_release_memory_block" declared implicitly
userproc.c(66): warning:  #223-D: function "uart1_put_hex" declared implicitly
userproc.c(79): warning:  #174-D: expression has no effect
userproc.c(80): warning:  #223-D: function "s_release_memory_block" declared implicitly
userproc.c(82): warning:  #223-D: function "s_release_memory_block" declared implicitly
userproc.c(95): warning:  #550-D: variable "block" was set but never used
userproc.c(106): warning:  #223-D: function "set_process_priority" declared implicitly
userproc.c(141): warning:  #1-D: last line of file ends without a newline
compiling HAL.c...
compiling memory.c...
memory.c(129): warning:  #1-D: last line of file ends without a newline
linking...
Program Size: Code=3388 RO-data=456 RW-data=36 ZI-data=636  
"Lab0.axf" - 0 Error(s), 12 Warning(s).
Load "N:\\se350\\SE350-Lab0\\Lab0.AXF" 
No Algorithm found for: 10000000H - 10000F23H
Partial Erase Done (areas with no algorithms skipped!)
No Algorithm found for: 10000000H - 10000F23H
Partial Programming Done (areas with no algorithms skipped!)
Partial Verify OK (areas with no algorithms skipped!)
Rebuild target 'HelloWorld SIM'
assembling startup_LPC17xx.s...
compiling system_LPC17xx.c...
compiling uart_polling.c...
compiling main.c...
compiling process.c...
process.c(274): error:  #136: struct "ProcessNode" has no field "m_state"
compiling userproc.c...
userproc.c(14): warning:  #223-D: function "s_release_memory_block" declared implicitly
userproc.c(11): warning:  #177-D: variable "errorFlag" was declared but never referenced
userproc.c(38): warning:  #174-D: expression has no effect
userproc.c(39): warning:  #223-D: function "s_release_memory_block" declared implicitly
userproc.c(66): warning:  #223-D: function "uart1_put_hex" declared implicitly
userproc.c(79): warning:  #174-D: expression has no effect
userproc.c(80): warning:  #223-D: function "s_release_memory_block" declared implicitly
userproc.c(82): warning:  #223-D: function "s_release_memory_block" declared implicitly
userproc.c(95): warning:  #550-D: variable "block" was set but never used
userproc.c(106): warning:  #223-D: function "set_process_priority" declared implicitly
userproc.c(141): warning:  #1-D: last line of file ends without a newline
compiling HAL.c...
compiling memory.c...
memory.c(129): warning:  #1-D: last line of file ends without a newline
Target not created
Rebuild target 'HelloWorld SIM'
assembling startup_LPC17xx.s...
compiling system_LPC17xx.c...
compiling uart_polling.c...
compiling main.c...
compiling process.c...
compiling userproc.c...
userproc.c(14): warning:  #223-D: function "s_release_memory_block" declared implicitly
userproc.c(11): warning:  #177-D: variable "errorFlag" was declared but never referenced
userproc.c(38): warning:  #174-D: expression has no effect
userproc.c(39): warning:  #223-D: function "s_release_memory_block" declared implicitly
userproc.c(66): warning:  #223-D: function "uart1_put_hex" declared implicitly
userproc.c(79): warning:  #174-D: expression has no effect
userproc.c(80): warning:  #223-D: function "s_release_memory_block" declared implicitly
userproc.c(82): warning:  #223-D: function "s_release_memory_block" declared implicitly
userproc.c(95): warning:  #550-D: variable "block" was set but never used
userproc.c(106): warning:  #223-D: function "set_process_priority" declared implicitly
userproc.c(141): warning:  #1-D: last line of file ends without a newline
compiling HAL.c...
compiling memory.c...
memory.c(129): warning:  #1-D: last line of file ends without a newline
linking...
Program Size: Code=3392 RO-data=456 RW-data=36 ZI-data=636  
"Lab0.axf" - 0 Error(s), 12 Warning(s).
Load "N:\\se350\\SE350-Lab0\\Lab0.AXF" 
No Algorithm found for: 10000000H - 10000F27H
Partial Erase Done (areas with no algorithms skipped!)
No Algorithm found for: 10000000H - 10000F27H
Partial Programming Done (areas with no algorithms skipped!)
Partial Verify OK (areas with no algorithms skipped!)
Rebuild target 'HelloWorld SIM'
assembling startup_LPC17xx.s...
compiling system_LPC17xx.c...
compiling uart_polling.c...
compiling main.c...
compiling process.c...
compiling userproc.c...
userproc.c(14): warning:  #223-D: function "s_release_memory_block" declared implicitly
userproc.c(11): warning:  #177-D: variable "errorFlag" was declared but never referenced
userproc.c(38): warning:  #174-D: expression has no effect
userproc.c(39): warning:  #223-D: function "s_release_memory_block" declared implicitly
userproc.c(78): warning:  #174-D: expression has no effect
userproc.c(79): warning:  #223-D: function "s_release_memory_block" declared implicitly
userproc.c(81): warning:  #223-D: function "s_release_memory_block" declared implicitly
userproc.c(94): warning:  #550-D: variable "block" was set but never used
userproc.c(105): warning:  #223-D: function "set_process_priority" declared implicitly
userproc.c(140): warning:  #1-D: last line of file ends without a newline
compiling HAL.c...
compiling memory.c...
memory.c(129): warning:  #1-D: last line of file ends without a newline
linking...
Program Size: Code=3384 RO-data=456 RW-data=36 ZI-data=636  
"Lab0.axf" - 0 Error(s), 11 Warning(s).
Load "N:\\se350\\SE350-Lab0\\Lab0.AXF" 
No Algorithm found for: 10000000H - 10000F1FH
Partial Erase Done (areas with no algorithms skipped!)
No Algorithm found for: 10000000H - 10000F1FH
Partial Programming Done (areas with no algorithms skipped!)
Partial Verify OK (areas with no algorithms skipped!)
Rebuild target 'HelloWorld SIM'
assembling startup_LPC17xx.s...
compiling system_LPC17xx.c...
compiling uart_polling.c...
compiling main.c...
compiling process.c...
compiling userproc.c...
userproc.c(14): warning:  #223-D: function "s_release_memory_block" declared implicitly
userproc.c(11): warning:  #177-D: variable "errorFlag" was declared but never referenced
userproc.c(38): warning:  #174-D: expression has no effect
userproc.c(39): warning:  #223-D: function "s_release_memory_block" declared implicitly
userproc.c(78): warning:  #174-D: expression has no effect
userproc.c(79): warning:  #223-D: function "s_release_memory_block" declared implicitly
userproc.c(81): warning:  #223-D: function "s_release_memory_block" declared implicitly
userproc.c(94): warning:  #550-D: variable "block" was set but never used
userproc.c(105): warning:  #223-D: function "set_process_priority" declared implicitly
userproc.c(140): warning:  #1-D: last line of file ends without a newline
compiling HAL.c...
compiling memory.c...
memory.c(129): warning:  #1-D: last line of file ends without a newline
linking...
Program Size: Code=3388 RO-data=456 RW-data=36 ZI-data=636  
"Lab0.axf" - 0 Error(s), 11 Warning(s).
Load "N:\\se350\\SE350-Lab0\\Lab0.AXF" 
No Algorithm found for: 10000000H - 10000F23H
Partial Erase Done (areas with no algorithms skipped!)
No Algorithm found for: 10000000H - 10000F23H
Partial Programming Done (areas with no algorithms skipped!)
Partial Verify OK (areas with no algorithms skipped!)
Rebuild target 'HelloWorld SIM'
assembling startup_LPC17xx.s...
compiling system_LPC17xx.c...
compiling uart_polling.c...
compiling main.c...
compiling process.c...
compiling userproc.c...
userproc.c(14): warning:  #223-D: function "s_release_memory_block" declared implicitly
userproc.c(11): warning:  #177-D: variable "errorFlag" was declared but never referenced
userproc.c(38): warning:  #174-D: expression has no effect
userproc.c(39): warning:  #223-D: function "s_release_memory_block" declared implicitly
userproc.c(78): warning:  #174-D: expression has no effect
userproc.c(79): warning:  #223-D: function "s_release_memory_block" declared implicitly
userproc.c(81): warning:  #223-D: function "s_release_memory_block" declared implicitly
userproc.c(94): warning:  #550-D: variable "block" was set but never used
userproc.c(105): warning:  #223-D: function "set_process_priority" declared implicitly
userproc.c(140): warning:  #1-D: last line of file ends without a newline
compiling HAL.c...
compiling memory.c...
memory.c(129): warning:  #1-D: last line of file ends without a newline
linking...
Program Size: Code=3388 RO-data=456 RW-data=36 ZI-data=636  
"Lab0.axf" - 0 Error(s), 11 Warning(s).
Load "N:\\se350\\SE350-Lab0\\Lab0.AXF" 
No Algorithm found for: 10000000H - 10000F23H
Partial Erase Done (areas with no algorithms skipped!)
No Algorithm found for: 10000000H - 10000F23H
Partial Programming Done (areas with no algorithms skipped!)
Partial Verify OK (areas with no algorithms skipped!)
Rebuild target 'HelloWorld SIM'
assembling startup_LPC17xx.s...
compiling system_LPC17xx.c...
compiling uart_polling.c...
compiling main.c...
compiling process.c...
compiling userproc.c...
userproc.c(14): warning:  #223-D: function "s_release_memory_block" declared implicitly
userproc.c(11): warning:  #177-D: variable "errorFlag" was declared but never referenced
userproc.c(38): warning:  #174-D: expression has no effect
userproc.c(39): warning:  #223-D: function "s_release_memory_block" declared implicitly
userproc.c(78): warning:  #174-D: expression has no effect
userproc.c(79): warning:  #223-D: function "s_release_memory_block" declared implicitly
userproc.c(81): warning:  #223-D: function "s_release_memory_block" declared implicitly
userproc.c(94): warning:  #550-D: variable "block" was set but never used
userproc.c(105): warning:  #223-D: function "set_process_priority" declared implicitly
userproc.c(140): warning:  #1-D: last line of file ends without a newline
compiling HAL.c...
compiling memory.c...
memory.c(129): warning:  #1-D: last line of file ends without a newline
linking...
Program Size: Code=3388 RO-data=456 RW-data=36 ZI-data=636  
"Lab0.axf" - 0 Error(s), 11 Warning(s).
Load "N:\\se350\\SE350-Lab0\\Lab0.AXF" 
No Algorithm found for: 10000000H - 10000F23H
Partial Erase Done (areas with no algorithms skipped!)
No Algorithm found for: 10000000H - 10000F23H
Partial Programming Done (areas with no algorithms skipped!)
Partial Verify OK (areas with no algorithms skipped!)
Rebuild target 'HelloWorld SIM'
assembling startup_LPC17xx.s...
compiling system_LPC17xx.c...
compiling uart_polling.c...
compiling main.c...
compiling process.c...
compiling userproc.c...
userproc.c(14): warning:  #223-D: function "s_release_memory_block" declared implicitly
userproc.c(11): warning:  #177-D: variable "errorFlag" was declared but never referenced
userproc.c(38): warning:  #174-D: expression has no effect
userproc.c(39): warning:  #223-D: function "s_release_memory_block" declared implicitly
userproc.c(79): warning:  #174-D: expression has no effect
userproc.c(80): warning:  #223-D: function "s_release_memory_block" declared implicitly
userproc.c(83): warning:  #223-D: function "s_release_memory_block" declared implicitly
userproc.c(96): warning:  #550-D: variable "block" was set but never used
userproc.c(107): warning:  #223-D: function "set_process_priority" declared implicitly
userproc.c(142): warning:  #1-D: last line of file ends without a newline
compiling HAL.c...
compiling memory.c...
memory.c(129): warning:  #1-D: last line of file ends without a newline
linking...
Program Size: Code=3476 RO-data=456 RW-data=36 ZI-data=636  
"Lab0.axf" - 0 Error(s), 11 Warning(s).
Load "N:\\se350\\SE350-Lab0\\Lab0.AXF" 
No Algorithm found for: 10000000H - 10000F7BH
Partial Erase Done (areas with no algorithms skipped!)
No Algorithm found for: 10000000H - 10000F7BH
Partial Programming Done (areas with no algorithms skipped!)
Partial Verify OK (areas with no algorithms skipped!)
Rebuild target 'HelloWorld SIM'
assembling startup_LPC17xx.s...
compiling system_LPC17xx.c...
compiling uart_polling.c...
compiling main.c...
compiling process.c...
compiling userproc.c...
userproc.c(14): warning:  #223-D: function "s_release_memory_block" declared implicitly
userproc.c(11): warning:  #177-D: variable "errorFlag" was declared but never referenced
userproc.c(38): warning:  #174-D: expression has no effect
userproc.c(39): warning:  #223-D: function "s_release_memory_block" declared implicitly
userproc.c(77): warning:  #174-D: expression has no effect
userproc.c(78): warning:  #223-D: function "s_release_memory_block" declared implicitly
userproc.c(81): warning:  #223-D: function "s_release_memory_block" declared implicitly
userproc.c(94): warning:  #550-D: variable "block" was set but never used
userproc.c(105): warning:  #223-D: function "set_process_priority" declared implicitly
userproc.c(140): warning:  #1-D: last line of file ends without a newline
compiling HAL.c...
compiling memory.c...
memory.c(129): warning:  #1-D: last line of file ends without a newline
linking...
Program Size: Code=3460 RO-data=456 RW-data=36 ZI-data=636  
"Lab0.axf" - 0 Error(s), 11 Warning(s).
Load "N:\\se350\\SE350-Lab0\\Lab0.AXF" 
No Algorithm found for: 10000000H - 10000F6BH
Partial Erase Done (areas with no algorithms skipped!)
No Algorithm found for: 10000000H - 10000F6BH
Partial Programming Done (areas with no algorithms skipped!)
Partial Verify OK (areas with no algorithms skipped!)
Rebuild target 'HelloWorld SIM'
assembling startup_LPC17xx.s...
compiling system_LPC17xx.c...
compiling uart_polling.c...
compiling main.c...
compiling process.c...
compiling userproc.c...
userproc.c(14): warning:  #223-D: function "s_release_memory_block" declared implicitly
userproc.c(11): warning:  #177-D: variable "errorFlag" was declared but never referenced
userproc.c(38): warning:  #174-D: expression has no effect
userproc.c(39): warning:  #223-D: function "s_release_memory_block" declared implicitly
userproc.c(67): warning:  #223-D: function "uart1_put_hex" declared implicitly
userproc.c(78): warning:  #174-D: expression has no effect
userproc.c(79): warning:  #223-D: function "s_release_memory_block" declared implicitly
userproc.c(82): warning:  #223-D: function "s_release_memory_block" declared implicitly
userproc.c(95): warning:  #550-D: variable "block" was set but never used
userproc.c(106): warning:  #223-D: function "set_process_priority" declared implicitly
userproc.c(141): warning:  #1-D: last line of file ends without a newline
compiling HAL.c...
compiling memory.c...
memory.c(129): warning:  #1-D: last line of file ends without a newline
linking...
Program Size: Code=3468 RO-data=456 RW-data=36 ZI-data=636  
"Lab0.axf" - 0 Error(s), 12 Warning(s).
Load "N:\\se350\\SE350-Lab0\\Lab0.AXF" 
No Algorithm found for: 10000000H - 10000F73H
Partial Erase Done (areas with no algorithms skipped!)
No Algorithm found for: 10000000H - 10000F73H
Partial Programming Done (areas with no algorithms skipped!)
Partial Verify OK (areas with no algorithms skipped!)
Rebuild target 'HelloWorld SIM'
assembling startup_LPC17xx.s...
compiling system_LPC17xx.c...
compiling uart_polling.c...
compiling main.c...
compiling process.c...
compiling userproc.c...
userproc.c(14): warning:  #223-D: function "s_release_memory_block" declared implicitly
userproc.c(11): warning:  #177-D: variable "errorFlag" was declared but never referenced
userproc.c(38): warning:  #174-D: expression has no effect
userproc.c(39): warning:  #223-D: function "s_release_memory_block" declared implicitly
userproc.c(67): warning:  #223-D: function "uart1_put_hex" declared implicitly
userproc.c(78): warning:  #174-D: expression has no effect
userproc.c(79): warning:  #223-D: function "s_release_memory_block" declared implicitly
userproc.c(85): warning:  #223-D: function "s_release_memory_block" declared implicitly
userproc.c(98): warning:  #550-D: variable "block" was set but never used
userproc.c(109): warning:  #223-D: function "set_process_priority" declared implicitly
userproc.c(144): warning:  #1-D: last line of file ends without a newline
compiling HAL.c...
compiling memory.c...
memory.c(129): warning:  #1-D: last line of file ends without a newline
linking...
Program Size: Code=3476 RO-data=456 RW-data=36 ZI-data=636  
"Lab0.axf" - 0 Error(s), 12 Warning(s).
Load "N:\\se350\\SE350-Lab0\\Lab0.AXF" 
No Algorithm found for: 10000000H - 10000F7BH
Partial Erase Done (areas with no algorithms skipped!)
No Algorithm found for: 10000000H - 10000F7BH
Partial Programming Done (areas with no algorithms skipped!)
Partial Verify OK (areas with no algorithms skipped!)
Rebuild target 'HelloWorld SIM'
assembling startup_LPC17xx.s...
compiling system_LPC17xx.c...
compiling uart_polling.c...
compiling main.c...
compiling process.c...
compiling userproc.c...
userproc.c(14): warning:  #223-D: function "s_release_memory_block" declared implicitly
userproc.c(11): warning:  #177-D: variable "errorFlag" was declared but never referenced
userproc.c(38): warning:  #174-D: expression has no effect
userproc.c(39): warning:  #223-D: function "s_release_memory_block" declared implicitly
userproc.c(62): error:  #20: identifier "reachMax" is undefined
userproc.c(77): warning:  #223-D: function "s_release_memory_block" declared implicitly
userproc.c(79): warning:  #223-D: function "s_release_memory_block" declared implicitly
userproc.c(92): warning:  #550-D: variable "block" was set but never used
userproc.c(103): warning:  #223-D: function "set_process_priority" declared implicitly
userproc.c(138): warning:  #1-D: last line of file ends without a newline
compiling HAL.c...
compiling memory.c...
memory.c(129): warning:  #1-D: last line of file ends without a newline
Target not created
Rebuild target 'HelloWorld SIM'
assembling startup_LPC17xx.s...
compiling system_LPC17xx.c...
compiling uart_polling.c...
compiling main.c...
compiling process.c...
compiling userproc.c...
userproc.c(14): warning:  #223-D: function "s_release_memory_block" declared implicitly
userproc.c(11): warning:  #177-D: variable "errorFlag" was declared but never referenced
userproc.c(38): warning:  #174-D: expression has no effect
userproc.c(39): warning:  #223-D: function "s_release_memory_block" declared implicitly
userproc.c(77): warning:  #223-D: function "s_release_memory_block" declared implicitly
userproc.c(79): warning:  #223-D: function "s_release_memory_block" declared implicitly
userproc.c(92): warning:  #550-D: variable "block" was set but never used
userproc.c(103): warning:  #223-D: function "set_process_priority" declared implicitly
userproc.c(138): warning:  #1-D: last line of file ends without a newline
compiling HAL.c...
compiling memory.c...
memory.c(129): warning:  #1-D: last line of file ends without a newline
linking...
Program Size: Code=3380 RO-data=456 RW-data=36 ZI-data=636  
"Lab0.axf" - 0 Error(s), 10 Warning(s).
Load "N:\\se350\\SE350-Lab0\\Lab0.AXF" 
No Algorithm found for: 10000000H - 10000F1BH
Partial Erase Done (areas with no algorithms skipped!)
No Algorithm found for: 10000000H - 10000F1BH
Partial Programming Done (areas with no algorithms skipped!)
Partial Verify OK (areas with no algorithms skipped!)
Rebuild target 'HelloWorld SIM'
assembling startup_LPC17xx.s...
compiling system_LPC17xx.c...
compiling uart_polling.c...
compiling main.c...
compiling process.c...
compiling userproc.c...
userproc.c(14): warning:  #223-D: function "s_release_memory_block" declared implicitly
userproc.c(11): warning:  #177-D: variable "errorFlag" was declared but never referenced
userproc.c(38): warning:  #174-D: expression has no effect
userproc.c(39): warning:  #223-D: function "s_release_memory_block" declared implicitly
userproc.c(74): warning:  #223-D: function "s_release_memory_block" declared implicitly
userproc.c(77): warning:  #223-D: function "s_release_memory_block" declared implicitly
userproc.c(90): warning:  #550-D: variable "block" was set but never used
userproc.c(101): warning:  #223-D: function "set_process_priority" declared implicitly
userproc.c(136): warning:  #1-D: last line of file ends without a newline
compiling HAL.c...
compiling memory.c...
memory.c(129): warning:  #1-D: last line of file ends without a newline
linking...
Program Size: Code=3440 RO-data=456 RW-data=36 ZI-data=636  
"Lab0.axf" - 0 Error(s), 10 Warning(s).
Load "N:\\se350\\SE350-Lab0\\Lab0.AXF" 
No Algorithm found for: 10000000H - 10000F57H
Partial Erase Done (areas with no algorithms skipped!)
No Algorithm found for: 10000000H - 10000F57H
Partial Programming Done (areas with no algorithms skipped!)
Partial Verify OK (areas with no algorithms skipped!)
Rebuild target 'HelloWorld SIM'
assembling startup_LPC17xx.s...
compiling system_LPC17xx.c...
compiling uart_polling.c...
compiling main.c...
compiling process.c...
compiling userproc.c...
userproc.c(14): warning:  #223-D: function "s_release_memory_block" declared implicitly
userproc.c(11): warning:  #177-D: variable "errorFlag" was declared but never referenced
userproc.c(38): warning:  #174-D: expression has no effect
userproc.c(39): warning:  #223-D: function "s_release_memory_block" declared implicitly
userproc.c(74): warning:  #223-D: function "s_release_memory_block" declared implicitly
userproc.c(76): warning:  #223-D: function "uart1_put_hex" declared implicitly
userproc.c(79): warning:  #223-D: function "s_release_memory_block" declared implicitly
userproc.c(92): warning:  #550-D: variable "block" was set but never used
userproc.c(103): warning:  #223-D: function "set_process_priority" declared implicitly
userproc.c(138): warning:  #1-D: last line of file ends without a newline
compiling HAL.c...
compiling memory.c...
memory.c(129): warning:  #1-D: last line of file ends without a newline
linking...
Program Size: Code=3448 RO-data=456 RW-data=36 ZI-data=636  
"Lab0.axf" - 0 Error(s), 11 Warning(s).
Load "N:\\se350\\SE350-Lab0\\Lab0.AXF" 
No Algorithm found for: 10000000H - 10000F5FH
Partial Erase Done (areas with no algorithms skipped!)
No Algorithm found for: 10000000H - 10000F5FH
Partial Programming Done (areas with no algorithms skipped!)
Partial Verify OK (areas with no algorithms skipped!)
Rebuild target 'HelloWorld SIM'
assembling startup_LPC17xx.s...
compiling system_LPC17xx.c...
compiling uart_polling.c...
compiling main.c...
compiling process.c...
compiling userproc.c...
userproc.c(14): warning:  #223-D: function "s_release_memory_block" declared implicitly
userproc.c(11): warning:  #177-D: variable "errorFlag" was declared but never referenced
userproc.c(38): warning:  #174-D: expression has no effect
userproc.c(39): warning:  #223-D: function "s_release_memory_block" declared implicitly
userproc.c(65): warning:  #223-D: function "uart1_put_hex" declared implicitly
userproc.c(75): warning:  #223-D: function "s_release_memory_block" declared implicitly
userproc.c(76): warning:  #223-D: function "uart1_put_hex" declared implicitly
userproc.c(79): warning:  #223-D: function "s_release_memory_block" declared implicitly
userproc.c(92): warning:  #550-D: variable "block" was set but never used
userproc.c(103): warning:  #223-D: function "set_process_priority" declared implicitly
userproc.c(138): warning:  #1-D: last line of file ends without a newline
compiling HAL.c...
compiling memory.c...
memory.c(129): warning:  #1-D: last line of file ends without a newline
linking...
Program Size: Code=3504 RO-data=456 RW-data=36 ZI-data=636  
"Lab0.axf" - 0 Error(s), 12 Warning(s).
Load "N:\\se350\\SE350-Lab0\\Lab0.AXF" 
No Algorithm found for: 10000000H - 10000F97H
Partial Erase Done (areas with no algorithms skipped!)
No Algorithm found for: 10000000H - 10000F97H
Partial Programming Done (areas with no algorithms skipped!)
Partial Verify OK (areas with no algorithms skipped!)
Rebuild target 'HelloWorld SIM'
assembling startup_LPC17xx.s...
compiling system_LPC17xx.c...
compiling uart_polling.c...
compiling main.c...
compiling process.c...
compiling userproc.c...
userproc.c(14): warning:  #223-D: function "s_release_memory_block" declared implicitly
userproc.c(11): warning:  #177-D: variable "errorFlag" was declared but never referenced
userproc.c(38): warning:  #174-D: expression has no effect
userproc.c(39): warning:  #223-D: function "s_release_memory_block" declared implicitly
userproc.c(66): warning:  #223-D: function "uart1_put_hex" declared implicitly
userproc.c(76): warning:  #223-D: function "s_release_memory_block" declared implicitly
userproc.c(77): warning:  #223-D: function "uart1_put_hex" declared implicitly
userproc.c(80): warning:  #223-D: function "s_release_memory_block" declared implicitly
userproc.c(93): warning:  #550-D: variable "block" was set but never used
userproc.c(104): warning:  #223-D: function "set_process_priority" declared implicitly
userproc.c(139): warning:  #1-D: last line of file ends without a newline
compiling HAL.c...
compiling memory.c...
memory.c(129): warning:  #1-D: last line of file ends without a newline
linking...
Program Size: Code=3508 RO-data=456 RW-data=36 ZI-data=636  
"Lab0.axf" - 0 Error(s), 12 Warning(s).
Load "N:\\se350\\SE350-Lab0\\Lab0.AXF" 
No Algorithm found for: 10000000H - 10000F9BH
Partial Erase Done (areas with no algorithms skipped!)
No Algorithm found for: 10000000H - 10000F9BH
Partial Programming Done (areas with no algorithms skipped!)
Partial Verify OK (areas with no algorithms skipped!)
Rebuild target 'HelloWorld SIM'
assembling startup_LPC17xx.s...
compiling system_LPC17xx.c...
compiling uart_polling.c...
compiling main.c...
compiling process.c...
compiling userproc.c...
userproc.c(14): warning:  #223-D: function "s_release_memory_block" declared implicitly
userproc.c(11): warning:  #177-D: variable "errorFlag" was declared but never referenced
userproc.c(38): warning:  #174-D: expression has no effect
userproc.c(39): warning:  #223-D: function "s_release_memory_block" declared implicitly
userproc.c(66): warning:  #223-D: function "uart1_put_hex" declared implicitly
userproc.c(75): warning:  #174-D: expression has no effect
userproc.c(76): warning:  #223-D: function "s_release_memory_block" declared implicitly
userproc.c(77): warning:  #223-D: function "uart1_put_hex" declared implicitly
userproc.c(80): warning:  #223-D: function "s_release_memory_block" declared implicitly
userproc.c(93): warning:  #550-D: variable "block" was set but never used
userproc.c(104): warning:  #223-D: function "set_process_priority" declared implicitly
userproc.c(139): warning:  #1-D: last line of file ends without a newline
compiling HAL.c...
compiling memory.c...
memory.c(129): warning:  #1-D: last line of file ends without a newline
linking...
Program Size: Code=3504 RO-data=456 RW-data=36 ZI-data=636  
"Lab0.axf" - 0 Error(s), 13 Warning(s).
Load "N:\\se350\\SE350-Lab0\\Lab0.AXF" 
No Algorithm found for: 10000000H - 10000F97H
Partial Erase Done (areas with no algorithms skipped!)
No Algorithm found for: 10000000H - 10000F97H
Partial Programming Done (areas with no algorithms skipped!)
Partial Verify OK (areas with no algorithms skipped!)
Rebuild target 'HelloWorld SIM'
assembling startup_LPC17xx.s...
compiling system_LPC17xx.c...
compiling uart_polling.c...
compiling main.c...
compiling process.c...
compiling userproc.c...
userproc.c(14): warning:  #223-D: function "s_release_memory_block" declared implicitly
userproc.c(11): warning:  #177-D: variable "errorFlag" was declared but never referenced
userproc.c(38): warning:  #174-D: expression has no effect
userproc.c(39): warning:  #223-D: function "s_release_memory_block" declared implicitly
userproc.c(74): warning:  #174-D: expression has no effect
userproc.c(75): warning:  #223-D: function "s_release_memory_block" declared implicitly
userproc.c(78): warning:  #223-D: function "s_release_memory_block" declared implicitly
userproc.c(91): warning:  #550-D: variable "block" was set but never used
userproc.c(102): warning:  #223-D: function "set_process_priority" declared implicitly
userproc.c(137): warning:  #1-D: last line of file ends without a newline
compiling HAL.c...
compiling memory.c...
memory.c(129): warning:  #1-D: last line of file ends without a newline
linking...
Program Size: Code=3440 RO-data=456 RW-data=36 ZI-data=636  
"Lab0.axf" - 0 Error(s), 11 Warning(s).
Load "N:\\se350\\SE350-Lab0\\Lab0.AXF" 
No Algorithm found for: 10000000H - 10000F57H
Partial Erase Done (areas with no algorithms skipped!)
No Algorithm found for: 10000000H - 10000F57H
Partial Programming Done (areas with no algorithms skipped!)
Partial Verify OK (areas with no algorithms skipped!)
Clean started: Project: 'Lab0'
   deleting intermediate output files for target 'HelloWorld SIM'
