ARM Linker, 5.02 [Build 28] [MDK-ARM Lite]

==============================================================================

Section Cross References

    startup_lpc17xx.o(STACK) refers (Special) to heapauxi.o(.text) for __use_two_region_memory
    startup_lpc17xx.o(HEAP) refers (Special) to heapauxi.o(.text) for __use_two_region_memory
    startup_lpc17xx.o(RESET) refers (Special) to heapauxi.o(.text) for __use_two_region_memory
    startup_lpc17xx.o(RESET) refers to startup_lpc17xx.o(STACK) for __initial_sp
    startup_lpc17xx.o(RESET) refers to startup_lpc17xx.o(.text) for Reset_Handler
    startup_lpc17xx.o(RESET) refers to hal.o(.emb_text) for SVC_Handler
    startup_lpc17xx.o(RESET) refers to timer.o(.emb_text) for TIMER0_IRQHandler
    startup_lpc17xx.o(RESET) refers to uart_irq.o(.emb_text) for UART0_IRQHandler
    startup_lpc17xx.o(.ARM.__at_0x02FC) refers (Special) to heapauxi.o(.text) for __use_two_region_memory
    startup_lpc17xx.o(.text) refers (Special) to heapauxi.o(.text) for __use_two_region_memory
    startup_lpc17xx.o(.text) refers to system_lpc17xx.o(.text) for SystemInit
    startup_lpc17xx.o(.text) refers to __main.o(!!!main) for __main
    startup_lpc17xx.o(.text) refers to startup_lpc17xx.o(HEAP) for Heap_Mem
    startup_lpc17xx.o(.text) refers to startup_lpc17xx.o(STACK) for Stack_Mem
    system_lpc17xx.o(.text) refers to system_lpc17xx.o(.data) for SystemFrequency
    main.o(.text) refers to system_lpc17xx.o(.text) for SystemInit
    main.o(.text) refers to atomic.o(.text) for atomic
    main.o(.text) refers to memory.o(.text) for memory_init
    main.o(.text) refers to uart_irq.o(.text) for uart_init
    main.o(.text) refers to process.o(.text) for process_init
    main.o(.text) refers to timer.o(.text) for timer_init
    process.o(.text) refers to uart_irq.o(.text) for uart_put_string
    process.o(.text) refers to hal.o(.emb_text) for __rte
    process.o(.text) refers to message.o(.text) for addMessage
    process.o(.text) refers to lib.o(.text) for string_len
    process.o(.text) refers to process.o(.data) for curProcess
    process.o(.text) refers to process.o(.constdata) for .constdata
    process.o(.text) refers to process.o(.bss) for systemProcesses
    process.o(.text) refers to timer.o(.text) for get_timer
    process.o(.text) refers to memory.o(.text) for k_request_memory_block
    process.o(.text) refers to userproc.o(.data) for ProcessTable
    userproc.o(.text) refers to lib.o(.text) for string_copy
    userproc.o(.text) refers to memory.o(.text) for k_persistent_request_memory_block
    userproc.o(.text) refers to process.o(.text) for k_get_system_pid
    userproc.o(.text) refers to userproc.o(.data) for procStage
    userproc.o(.text) refers to userproc.o(.constdata) for .constdata
    userproc.o(.text) refers to timer.o(.text) for k_set_timer_count
    userproc.o(.data) refers to userproc.o(.text) for proc1
    memory.o(.text) refers to atomic.o(.text) for atomic
    memory.o(.text) refers to process.o(.text) for unblock_process
    memory.o(.text) refers to memory.o(.bss) for a
    memory.o(.text) refers to memory.o(.data) for MemoryList
    message.o(.emb_text) refers to message.o(.text) for wait_on_message
    message.o(.text) refers to memory.o(.text) for k_request_memory_block
    message.o(.text) refers to atomic.o(.text) for atomic
    message.o(.text) refers to message.o(.emb_text) for save_release_processor
    message.o(.text) refers to process.o(.text) for k_release_processor
    timer.o(.emb_text) refers to timer.o(.text) for c_TIMER0_IRQHandler
    timer.o(.text) refers to process.o(.text) for k_dec_delay_msg_time
    timer.o(.text) refers to timer.o(.data) for g_timer_count
    uart_irq.o(.emb_text) refers to uart_irq.o(.text) for c_UART0_IRQHandler
    uart_irq.o(.text) refers to memory.o(.text) for multisize_request_memory_block
    uart_irq.o(.text) refers to process.o(.text) for system_proc_receive_message
    uart_irq.o(.text) refers to uart_irq.o(.bss) for system_reserved_memory
    uart_irq.o(.text) refers to uart_irq.o(.data) for g_UART0_TX_empty
    atomic.o(.text) refers to atomic.o(.data) for sem
    __main.o(!!!main) refers to rtentry.o(.ARM.Collect$$rtentry$$00000000) for __rt_entry
    rtentry.o(.ARM.Collect$$rtentry$$00000000) refers (Special) to rtentry2.o(.ARM.Collect$$rtentry$$0000000A) for __rt_entry_li
    rtentry.o(.ARM.Collect$$rtentry$$00000000) refers (Special) to rtentry2.o(.ARM.Collect$$rtentry$$0000000D) for __rt_entry_main
    rtentry.o(.ARM.Collect$$rtentry$$00000000) refers (Special) to rtentry2.o(.ARM.Collect$$rtentry$$0000000C) for __rt_entry_postli_1
    rtentry.o(.ARM.Collect$$rtentry$$00000000) refers (Special) to rtentry2.o(.ARM.Collect$$rtentry$$00000009) for __rt_entry_postsh_1
    rtentry.o(.ARM.Collect$$rtentry$$00000000) refers (Special) to rtentry2.o(.ARM.Collect$$rtentry$$00000002) for __rt_entry_presh_1
    rtentry.o(.ARM.Collect$$rtentry$$00000000) refers (Special) to rtentry4.o(.ARM.Collect$$rtentry$$00000004) for __rt_entry_sh
    rtentry2.o(.ARM.Collect$$rtentry$$00000008) refers to boardinit2.o(.text) for _platform_post_stackheap_init
    rtentry2.o(.ARM.Collect$$rtentry$$0000000A) refers to libinit.o(.ARM.Collect$$libinit$$00000000) for __rt_lib_init
    rtentry2.o(.ARM.Collect$$rtentry$$0000000B) refers to boardinit3.o(.text) for _platform_post_lib_init
    rtentry2.o(.ARM.Collect$$rtentry$$0000000D) refers to main.o(.text) for main
    rtentry2.o(.ARM.Collect$$rtentry$$0000000D) refers to exit.o(.text) for exit
    rtentry2.o(.ARM.exidx) refers to rtentry2.o(.ARM.Collect$$rtentry$$00000001) for .ARM.Collect$$rtentry$$00000001
    rtentry2.o(.ARM.exidx) refers to rtentry2.o(.ARM.Collect$$rtentry$$00000008) for .ARM.Collect$$rtentry$$00000008
    rtentry2.o(.ARM.exidx) refers to rtentry2.o(.ARM.Collect$$rtentry$$0000000A) for .ARM.Collect$$rtentry$$0000000A
    rtentry2.o(.ARM.exidx) refers to rtentry2.o(.ARM.Collect$$rtentry$$0000000B) for .ARM.Collect$$rtentry$$0000000B
    rtentry2.o(.ARM.exidx) refers to rtentry2.o(.ARM.Collect$$rtentry$$0000000D) for .ARM.Collect$$rtentry$$0000000D
    rtentry4.o(.ARM.Collect$$rtentry$$00000004) refers to sys_stackheap_outer.o(.text) for __user_setup_stackheap
    rtentry4.o(.ARM.exidx) refers to rtentry4.o(.ARM.Collect$$rtentry$$00000004) for .ARM.Collect$$rtentry$$00000004
    sys_stackheap_outer.o(.text) refers to libspace.o(.text) for __user_perproc_libspace
    sys_stackheap_outer.o(.text) refers to startup_lpc17xx.o(.text) for __user_initial_stackheap
    exit.o(.text) refers to rtexit.o(.ARM.Collect$$rtexit$$00000000) for __rt_exit
    libinit.o(.ARM.Collect$$libinit$$00000000) refers (Special) to libinit2.o(.ARM.Collect$$libinit$$0000002C) for __rt_lib_init_alloca_1
    libinit.o(.ARM.Collect$$libinit$$00000000) refers (Special) to libinit2.o(.ARM.Collect$$libinit$$0000002A) for __rt_lib_init_argv_1
    libinit.o(.ARM.Collect$$libinit$$00000000) refers (Special) to libinit2.o(.ARM.Collect$$libinit$$00000019) for __rt_lib_init_atexit_1
    libinit.o(.ARM.Collect$$libinit$$00000000) refers (Special) to libinit2.o(.ARM.Collect$$libinit$$0000001F) for __rt_lib_init_clock_1
    libinit.o(.ARM.Collect$$libinit$$00000000) refers (Special) to libinit2.o(.ARM.Collect$$libinit$$00000030) for __rt_lib_init_cpp_1
    libinit.o(.ARM.Collect$$libinit$$00000000) refers (Special) to libinit2.o(.ARM.Collect$$libinit$$0000002E) for __rt_lib_init_exceptions_1
    libinit.o(.ARM.Collect$$libinit$$00000000) refers (Special) to libinit2.o(.ARM.Collect$$libinit$$00000002) for __rt_lib_init_fp_1
    libinit.o(.ARM.Collect$$libinit$$00000000) refers (Special) to libinit2.o(.ARM.Collect$$libinit$$0000001D) for __rt_lib_init_fp_trap_1
    libinit.o(.ARM.Collect$$libinit$$00000000) refers (Special) to libinit2.o(.ARM.Collect$$libinit$$00000021) for __rt_lib_init_getenv_1
    libinit.o(.ARM.Collect$$libinit$$00000000) refers (Special) to libinit2.o(.ARM.Collect$$libinit$$00000008) for __rt_lib_init_heap_1
    libinit.o(.ARM.Collect$$libinit$$00000000) refers (Special) to libinit2.o(.ARM.Collect$$libinit$$0000000F) for __rt_lib_init_lc_collate_1
    libinit.o(.ARM.Collect$$libinit$$00000000) refers (Special) to libinit2.o(.ARM.Collect$$libinit$$00000011) for __rt_lib_init_lc_ctype_1
    libinit.o(.ARM.Collect$$libinit$$00000000) refers (Special) to libinit2.o(.ARM.Collect$$libinit$$00000013) for __rt_lib_init_lc_monetary_1
    libinit.o(.ARM.Collect$$libinit$$00000000) refers (Special) to libinit2.o(.ARM.Collect$$libinit$$00000015) for __rt_lib_init_lc_numeric_1
    libinit.o(.ARM.Collect$$libinit$$00000000) refers (Special) to libinit2.o(.ARM.Collect$$libinit$$00000017) for __rt_lib_init_lc_time_1
    libinit.o(.ARM.Collect$$libinit$$00000000) refers (Special) to libinit2.o(.ARM.Collect$$libinit$$0000000C) for __rt_lib_init_rand_1
    libinit.o(.ARM.Collect$$libinit$$00000000) refers (Special) to libinit2.o(.ARM.Collect$$libinit$$00000031) for __rt_lib_init_return
    libinit.o(.ARM.Collect$$libinit$$00000000) refers (Special) to libinit2.o(.ARM.Collect$$libinit$$0000001B) for __rt_lib_init_signal_1
    libinit.o(.ARM.Collect$$libinit$$00000000) refers (Special) to libinit2.o(.ARM.Collect$$libinit$$00000023) for __rt_lib_init_stdio_1
    libinit.o(.ARM.Collect$$libinit$$00000000) refers (Special) to libinit2.o(.ARM.Collect$$libinit$$0000000A) for __rt_lib_init_user_alloc_1
    libspace.o(.text) refers to libspace.o(.bss) for __libspace_start
    rtexit.o(.ARM.Collect$$rtexit$$00000000) refers (Special) to rtexit2.o(.ARM.Collect$$rtexit$$00000004) for __rt_exit_exit
    rtexit.o(.ARM.Collect$$rtexit$$00000000) refers (Special) to rtexit2.o(.ARM.Collect$$rtexit$$00000003) for __rt_exit_ls
    rtexit.o(.ARM.Collect$$rtexit$$00000000) refers (Special) to rtexit2.o(.ARM.Collect$$rtexit$$00000002) for __rt_exit_prels_1
    rtexit.o(.ARM.exidx) refers (Special) to rtexit2.o(.ARM.Collect$$rtexit$$00000004) for __rt_exit_exit
    rtexit.o(.ARM.exidx) refers (Special) to rtexit2.o(.ARM.Collect$$rtexit$$00000003) for __rt_exit_ls
    rtexit.o(.ARM.exidx) refers (Special) to rtexit2.o(.ARM.Collect$$rtexit$$00000002) for __rt_exit_prels_1
    rtexit.o(.ARM.exidx) refers to rtexit.o(.ARM.Collect$$rtexit$$00000000) for .ARM.Collect$$rtexit$$00000000
    libinit2.o(.ARM.Collect$$libinit$$0000000E) refers to libinit2.o(.ARM.Collect$$libinit$$0000000D) for .ARM.Collect$$libinit$$0000000D
    libinit2.o(.ARM.Collect$$libinit$$00000010) refers to libinit2.o(.ARM.Collect$$libinit$$0000000D) for .ARM.Collect$$libinit$$0000000D
    libinit2.o(.ARM.Collect$$libinit$$00000012) refers to libinit2.o(.ARM.Collect$$libinit$$0000000D) for .ARM.Collect$$libinit$$0000000D
    libinit2.o(.ARM.Collect$$libinit$$00000014) refers to libinit2.o(.ARM.Collect$$libinit$$0000000D) for .ARM.Collect$$libinit$$0000000D
    libinit2.o(.ARM.Collect$$libinit$$00000016) refers to libinit2.o(.ARM.Collect$$libinit$$0000000D) for .ARM.Collect$$libinit$$0000000D
    libinit2.o(.ARM.Collect$$libinit$$00000024) refers to argv_veneer.o(.emb_text) for __ARM_argv_veneer
    libinit2.o(.ARM.Collect$$libinit$$00000025) refers to argv_veneer.o(.emb_text) for __ARM_argv_veneer
    rtexit2.o(.ARM.Collect$$rtexit$$00000003) refers to libshutdown.o(.ARM.Collect$$libshutdown$$00000000) for __rt_lib_shutdown
    rtexit2.o(.ARM.Collect$$rtexit$$00000004) refers to sys_exit.o(.text) for _sys_exit
    rtexit2.o(.ARM.exidx) refers to rtexit2.o(.ARM.Collect$$rtexit$$00000001) for .ARM.Collect$$rtexit$$00000001
    rtexit2.o(.ARM.exidx) refers to rtexit2.o(.ARM.Collect$$rtexit$$00000003) for .ARM.Collect$$rtexit$$00000003
    rtexit2.o(.ARM.exidx) refers to rtexit2.o(.ARM.Collect$$rtexit$$00000004) for .ARM.Collect$$rtexit$$00000004
    argv_veneer.o(.emb_text) refers to no_argv.o(.text) for __ARM_get_argv
    sys_exit.o(.text) refers (Special) to use_no_semi.o(.text) for __I$use$semihosting
    sys_exit.o(.text) refers (Special) to indicate_semi.o(.text) for __semihosting_library_function
    _get_argv_nomalloc.o(.text) refers (Special) to hrguard.o(.text) for __heap_region$guard
    _get_argv_nomalloc.o(.text) refers to defsig_rtmem_outer.o(.text) for __rt_SIGRTMEM
    _get_argv_nomalloc.o(.text) refers to sys_command.o(.text) for _sys_command_string
    libshutdown.o(.ARM.Collect$$libshutdown$$00000000) refers (Special) to libshutdown2.o(.ARM.Collect$$libshutdown$$00000006) for __rt_lib_shutdown_fp_trap_1
    libshutdown.o(.ARM.Collect$$libshutdown$$00000000) refers (Special) to libshutdown2.o(.ARM.Collect$$libshutdown$$0000000E) for __rt_lib_shutdown_heap_1
    libshutdown.o(.ARM.Collect$$libshutdown$$00000000) refers (Special) to libshutdown2.o(.ARM.Collect$$libshutdown$$0000000F) for __rt_lib_shutdown_return
    libshutdown.o(.ARM.Collect$$libshutdown$$00000000) refers (Special) to libshutdown2.o(.ARM.Collect$$libshutdown$$00000009) for __rt_lib_shutdown_signal_1
    libshutdown.o(.ARM.Collect$$libshutdown$$00000000) refers (Special) to libshutdown2.o(.ARM.Collect$$libshutdown$$00000003) for __rt_lib_shutdown_stdio_1
    libshutdown.o(.ARM.Collect$$libshutdown$$00000000) refers (Special) to libshutdown2.o(.ARM.Collect$$libshutdown$$0000000B) for __rt_lib_shutdown_user_alloc_1
    sys_command.o(.text) refers (Special) to use_no_semi.o(.text) for __I$use$semihosting
    sys_command.o(.text) refers (Special) to indicate_semi.o(.text) for __semihosting_library_function
    defsig_rtmem_outer.o(.text) refers to defsig_rtmem_inner.o(.text) for __rt_SIGRTMEM_inner
    defsig_rtmem_outer.o(.text) refers to defsig_exit.o(.text) for __sig_exit
    defsig_rtmem_formal.o(.text) refers to rt_raise.o(.text) for __rt_raise
    rt_raise.o(.text) refers to __raise.o(.text) for __raise
    rt_raise.o(.text) refers to sys_exit.o(.text) for _sys_exit
    defsig_exit.o(.text) refers to sys_exit.o(.text) for _sys_exit
    defsig_rtmem_inner.o(.text) refers to defsig_general.o(.text) for __default_signal_display
    __raise.o(.text) refers to defsig.o(CL$$defsig) for __default_signal_handler
    defsig_general.o(.text) refers to sys_wrch.o(.text) for _ttywrch
    sys_wrch.o(.text) refers (Special) to use_no_semi.o(.text) for __I$use$semihosting
    sys_wrch.o(.text) refers (Special) to indicate_semi.o(.text) for __semihosting_library_function
    defsig.o(CL$$defsig) refers to defsig_rtmem_inner.o(.text) for __rt_SIGRTMEM_inner
    defsig_abrt_inner.o(.text) refers to defsig_general.o(.text) for __default_signal_display
    defsig_fpe_inner.o(.text) refers to defsig_general.o(.text) for __default_signal_display
    defsig_rtred_inner.o(.text) refers to defsig_general.o(.text) for __default_signal_display
    defsig_stak_inner.o(.text) refers to defsig_general.o(.text) for __default_signal_display
    defsig_pvfn_inner.o(.text) refers to defsig_general.o(.text) for __default_signal_display
    defsig_cppl_inner.o(.text) refers to defsig_general.o(.text) for __default_signal_display
    defsig_segv_inner.o(.text) refers to defsig_general.o(.text) for __default_signal_display
    defsig_other.o(.text) refers to defsig_general.o(.text) for __default_signal_display


==============================================================================

Removing Unused input sections from the image.

    Removing system_lpc17xx.o(.rev16_text), (4 bytes).
    Removing system_lpc17xx.o(.revsh_text), (4 bytes).
    Removing main.o(.rev16_text), (4 bytes).
    Removing main.o(.revsh_text), (4 bytes).
    Removing process.o(.rev16_text), (4 bytes).
    Removing process.o(.revsh_text), (4 bytes).
    Removing memory.o(.rev16_text), (4 bytes).
    Removing memory.o(.revsh_text), (4 bytes).
    Removing message.o(.rev16_text), (4 bytes).
    Removing message.o(.revsh_text), (4 bytes).
    Removing timer.o(.rev16_text), (4 bytes).
    Removing timer.o(.revsh_text), (4 bytes).
    Removing uart_irq.o(.rev16_text), (4 bytes).
    Removing uart_irq.o(.revsh_text), (4 bytes).
    Removing atomic.o(.rev16_text), (4 bytes).
    Removing atomic.o(.revsh_text), (4 bytes).

16 unused section(s) (total 64 bytes) removed from the image.

==============================================================================

Image Symbol Table

    Local Symbols

    Symbol Name                              Value     Ov Type        Size  Object(Section)

    ../clib/angel/boardlib.s                 0x00000000   Number         0  boardshut.o ABSOLUTE
    ../clib/angel/boardlib.s                 0x00000000   Number         0  boardinit1.o ABSOLUTE
    ../clib/angel/boardlib.s                 0x00000000   Number         0  boardinit2.o ABSOLUTE
    ../clib/angel/boardlib.s                 0x00000000   Number         0  boardinit3.o ABSOLUTE
    ../clib/angel/handlers.s                 0x00000000   Number         0  __scatter_zi.o ABSOLUTE
    ../clib/angel/handlers.s                 0x00000000   Number         0  __scatter_copy.o ABSOLUTE
    ../clib/angel/kernel.s                   0x00000000   Number         0  rtentry2.o ABSOLUTE
    ../clib/angel/kernel.s                   0x00000000   Number         0  rtentry4.o ABSOLUTE
    ../clib/angel/kernel.s                   0x00000000   Number         0  rtexit2.o ABSOLUTE
    ../clib/angel/kernel.s                   0x00000000   Number         0  rtexit.o ABSOLUTE
    ../clib/angel/kernel.s                   0x00000000   Number         0  rtentry.o ABSOLUTE
    ../clib/angel/rt.s                       0x00000000   Number         0  rt_raise.o ABSOLUTE
    ../clib/angel/scatter.s                  0x00000000   Number         0  __scatter.o ABSOLUTE
    ../clib/angel/startup.s                  0x00000000   Number         0  __main.o ABSOLUTE
    ../clib/angel/sys.s                      0x00000000   Number         0  sys_stackheap_outer.o ABSOLUTE
    ../clib/angel/sys.s                      0x00000000   Number         0  libspace.o ABSOLUTE
    ../clib/angel/sys.s                      0x00000000   Number         0  indicate_semi.o ABSOLUTE
    ../clib/angel/sys.s                      0x00000000   Number         0  use_no_semi.o ABSOLUTE
    ../clib/angel/sysapp.c                   0x00000000   Number         0  sys_exit.o ABSOLUTE
    ../clib/angel/sysapp.c                   0x00000000   Number         0  sys_wrch.o ABSOLUTE
    ../clib/angel/sysapp.c                   0x00000000   Number         0  sys_command.o ABSOLUTE
    ../clib/armsys.c                         0x00000000   Number         0  no_argv.o ABSOLUTE
    ../clib/armsys.c                         0x00000000   Number         0  _get_argv_nomalloc.o ABSOLUTE
    ../clib/armsys.c                         0x00000000   Number         0  argv_veneer.o ABSOLUTE
    ../clib/armsys.c                         0x00000000   Number         0  argv_veneer.o ABSOLUTE
    ../clib/heapalloc.c                      0x00000000   Number         0  hrguard.o ABSOLUTE
    ../clib/heapaux.c                        0x00000000   Number         0  heapauxi.o ABSOLUTE
    ../clib/libinit.s                        0x00000000   Number         0  libinit2.o ABSOLUTE
    ../clib/libinit.s                        0x00000000   Number         0  libinit.o ABSOLUTE
    ../clib/libinit.s                        0x00000000   Number         0  libshutdown2.o ABSOLUTE
    ../clib/libinit.s                        0x00000000   Number         0  libshutdown.o ABSOLUTE
    ../clib/signal.c                         0x00000000   Number         0  defsig_pvfn_inner.o ABSOLUTE
    ../clib/signal.c                         0x00000000   Number         0  defsig_cppl_inner.o ABSOLUTE
    ../clib/signal.c                         0x00000000   Number         0  defsig_segv_inner.o ABSOLUTE
    ../clib/signal.c                         0x00000000   Number         0  defsig_other.o ABSOLUTE
    ../clib/signal.c                         0x00000000   Number         0  defsig_exit.o ABSOLUTE
    ../clib/signal.c                         0x00000000   Number         0  defsig_rtmem_outer.o ABSOLUTE
    ../clib/signal.c                         0x00000000   Number         0  defsig_rtmem_formal.o ABSOLUTE
    ../clib/signal.c                         0x00000000   Number         0  defsig_rtmem_inner.o ABSOLUTE
    ../clib/signal.c                         0x00000000   Number         0  __raise.o ABSOLUTE
    ../clib/signal.c                         0x00000000   Number         0  defsig_general.o ABSOLUTE
    ../clib/signal.c                         0x00000000   Number         0  defsig_abrt_inner.o ABSOLUTE
    ../clib/signal.c                         0x00000000   Number         0  defsig_fpe_inner.o ABSOLUTE
    ../clib/signal.c                         0x00000000   Number         0  defsig_rtred_inner.o ABSOLUTE
    ../clib/signal.c                         0x00000000   Number         0  defsig_stak_inner.o ABSOLUTE
    ../clib/signal.s                         0x00000000   Number         0  defsig.o ABSOLUTE
    ../clib/stdlib.c                         0x00000000   Number         0  exit.o ABSOLUTE
    ../fplib/fpinit.s                        0x00000000   Number         0  fpinit.o ABSOLUTE
    HAL.c                                    0x00000000   Number         0  hal.o ABSOLUTE
    HAL.c                                    0x00000000   Number         0  hal.o ABSOLUTE
    atomic.c                                 0x00000000   Number         0  atomic.o ABSOLUTE
    atomic.c                                 0x00000000   Number         0  atomic.o ABSOLUTE
    dc.s                                     0x00000000   Number         0  dc.o ABSOLUTE
    lib.c                                    0x00000000   Number         0  lib.o ABSOLUTE
    main.c                                   0x00000000   Number         0  main.o ABSOLUTE
    main.c                                   0x00000000   Number         0  main.o ABSOLUTE
    memory.c                                 0x00000000   Number         0  memory.o ABSOLUTE
    memory.c                                 0x00000000   Number         0  memory.o ABSOLUTE
    message.c                                0x00000000   Number         0  message.o ABSOLUTE
    message.c                                0x00000000   Number         0  message.o ABSOLUTE
    process.c                                0x00000000   Number         0  process.o ABSOLUTE
    process.c                                0x00000000   Number         0  process.o ABSOLUTE
    startup_LPC17xx.s                        0x00000000   Number         0  startup_lpc17xx.o ABSOLUTE
    system_LPC17xx.c                         0x00000000   Number         0  system_lpc17xx.o ABSOLUTE
    system_LPC17xx.c                         0x00000000   Number         0  system_lpc17xx.o ABSOLUTE
    timer.c                                  0x00000000   Number         0  timer.o ABSOLUTE
    timer.c                                  0x00000000   Number         0  timer.o ABSOLUTE
    uart_irq.c                               0x00000000   Number         0  uart_irq.o ABSOLUTE
    uart_irq.c                               0x00000000   Number         0  uart_irq.o ABSOLUTE
    userproc.c                               0x00000000   Number         0  userproc.o ABSOLUTE
    .ARM.__at_0x02FC                         0x000002fc   Section        4  startup_lpc17xx.o(.ARM.__at_0x02FC)
    RESET                                    0x10000000   Section      204  startup_lpc17xx.o(RESET)
    !!!main                                  0x100000cc   Section        8  __main.o(!!!main)
    !!!scatter                               0x100000d4   Section       52  __scatter.o(!!!scatter)
    !!handler_copy                           0x10000108   Section       26  __scatter_copy.o(!!handler_copy)
    !!handler_zi                             0x10000124   Section       28  __scatter_zi.o(!!handler_zi)
    .ARM.Collect$$libinit$$00000000          0x10000140   Section        2  libinit.o(.ARM.Collect$$libinit$$00000000)
    .ARM.Collect$$libinit$$00000002          0x10000142   Section        0  libinit2.o(.ARM.Collect$$libinit$$00000002)
    .ARM.Collect$$libinit$$00000008          0x10000142   Section        0  libinit2.o(.ARM.Collect$$libinit$$00000008)
    .ARM.Collect$$libinit$$0000000A          0x10000142   Section        0  libinit2.o(.ARM.Collect$$libinit$$0000000A)
    .ARM.Collect$$libinit$$0000000C          0x10000142   Section        0  libinit2.o(.ARM.Collect$$libinit$$0000000C)
    .ARM.Collect$$libinit$$0000000F          0x10000142   Section        0  libinit2.o(.ARM.Collect$$libinit$$0000000F)
    .ARM.Collect$$libinit$$00000011          0x10000142   Section        0  libinit2.o(.ARM.Collect$$libinit$$00000011)
    .ARM.Collect$$libinit$$00000013          0x10000142   Section        0  libinit2.o(.ARM.Collect$$libinit$$00000013)
    .ARM.Collect$$libinit$$00000015          0x10000142   Section        0  libinit2.o(.ARM.Collect$$libinit$$00000015)
    .ARM.Collect$$libinit$$00000017          0x10000142   Section        0  libinit2.o(.ARM.Collect$$libinit$$00000017)
    .ARM.Collect$$libinit$$00000019          0x10000142   Section        0  libinit2.o(.ARM.Collect$$libinit$$00000019)
    .ARM.Collect$$libinit$$0000001B          0x10000142   Section        0  libinit2.o(.ARM.Collect$$libinit$$0000001B)
    .ARM.Collect$$libinit$$0000001D          0x10000142   Section        0  libinit2.o(.ARM.Collect$$libinit$$0000001D)
    .ARM.Collect$$libinit$$0000001F          0x10000142   Section        0  libinit2.o(.ARM.Collect$$libinit$$0000001F)
    .ARM.Collect$$libinit$$00000021          0x10000142   Section        0  libinit2.o(.ARM.Collect$$libinit$$00000021)
    .ARM.Collect$$libinit$$00000023          0x10000142   Section        0  libinit2.o(.ARM.Collect$$libinit$$00000023)
    .ARM.Collect$$libinit$$0000002A          0x10000142   Section        0  libinit2.o(.ARM.Collect$$libinit$$0000002A)
    .ARM.Collect$$libinit$$0000002C          0x10000142   Section        0  libinit2.o(.ARM.Collect$$libinit$$0000002C)
    .ARM.Collect$$libinit$$0000002E          0x10000142   Section        0  libinit2.o(.ARM.Collect$$libinit$$0000002E)
    .ARM.Collect$$libinit$$00000030          0x10000142   Section        0  libinit2.o(.ARM.Collect$$libinit$$00000030)
    .ARM.Collect$$libinit$$00000031          0x10000142   Section        2  libinit2.o(.ARM.Collect$$libinit$$00000031)
    .ARM.Collect$$libshutdown$$00000000      0x10000144   Section        2  libshutdown.o(.ARM.Collect$$libshutdown$$00000000)
    .ARM.Collect$$libshutdown$$00000003      0x10000146   Section        0  libshutdown2.o(.ARM.Collect$$libshutdown$$00000003)
    .ARM.Collect$$libshutdown$$00000006      0x10000146   Section        0  libshutdown2.o(.ARM.Collect$$libshutdown$$00000006)
    .ARM.Collect$$libshutdown$$00000009      0x10000146   Section        0  libshutdown2.o(.ARM.Collect$$libshutdown$$00000009)
    .ARM.Collect$$libshutdown$$0000000B      0x10000146   Section        0  libshutdown2.o(.ARM.Collect$$libshutdown$$0000000B)
    .ARM.Collect$$libshutdown$$0000000E      0x10000146   Section        0  libshutdown2.o(.ARM.Collect$$libshutdown$$0000000E)
    .ARM.Collect$$libshutdown$$0000000F      0x10000146   Section        2  libshutdown2.o(.ARM.Collect$$libshutdown$$0000000F)
    .ARM.Collect$$rtentry$$00000000          0x10000148   Section        0  rtentry.o(.ARM.Collect$$rtentry$$00000000)
    .ARM.Collect$$rtentry$$00000002          0x10000148   Section        0  rtentry2.o(.ARM.Collect$$rtentry$$00000002)
    .ARM.Collect$$rtentry$$00000004          0x10000148   Section        6  rtentry4.o(.ARM.Collect$$rtentry$$00000004)
    .ARM.Collect$$rtentry$$00000009          0x1000014e   Section        0  rtentry2.o(.ARM.Collect$$rtentry$$00000009)
    .ARM.Collect$$rtentry$$0000000A          0x1000014e   Section        4  rtentry2.o(.ARM.Collect$$rtentry$$0000000A)
    .ARM.Collect$$rtentry$$0000000C          0x10000152   Section        0  rtentry2.o(.ARM.Collect$$rtentry$$0000000C)
    .ARM.Collect$$rtentry$$0000000D          0x10000152   Section        8  rtentry2.o(.ARM.Collect$$rtentry$$0000000D)
    .ARM.Collect$$rtexit$$00000000           0x1000015a   Section        2  rtexit.o(.ARM.Collect$$rtexit$$00000000)
    .ARM.Collect$$rtexit$$00000002           0x1000015c   Section        0  rtexit2.o(.ARM.Collect$$rtexit$$00000002)
    .ARM.Collect$$rtexit$$00000003           0x1000015c   Section        4  rtexit2.o(.ARM.Collect$$rtexit$$00000003)
    .ARM.Collect$$rtexit$$00000004           0x10000160   Section        6  rtexit2.o(.ARM.Collect$$rtexit$$00000004)
    .emb_text                                0x10000168   Section       42  hal.o(.emb_text)
    .emb_text                                0x10000194   Section       14  message.o(.emb_text)
    .emb_text                                0x100001a4   Section       12  timer.o(.emb_text)
    .emb_text                                0x100001b0   Section       12  uart_irq.o(.emb_text)
    .text                                    0x100001bc   Section       60  startup_lpc17xx.o(.text)
    .text                                    0x100001f8   Section        0  system_lpc17xx.o(.text)
    .text                                    0x10000414   Section        0  main.o(.text)
    .text                                    0x100004f0   Section        0  process.o(.text)
    .text                                    0x100013bc   Section        0  userproc.o(.text)
    .text                                    0x10001c94   Section        0  memory.o(.text)
    .text                                    0x10001eb0   Section        0  message.o(.text)
    .text                                    0x10001f84   Section        0  timer.o(.text)
    .text                                    0x10002068   Section        0  uart_irq.o(.text)
    .text                                    0x1000235c   Section        0  atomic.o(.text)
    .text                                    0x100023b4   Section        0  lib.o(.text)
    .text                                    0x1000242a   Section        0  heapauxi.o(.text)
    .text                                    0x10002430   Section       74  sys_stackheap_outer.o(.text)
    .text                                    0x1000247a   Section        0  exit.o(.text)
    .text                                    0x10002488   Section        8  libspace.o(.text)
    .text                                    0x10002490   Section        0  sys_exit.o(.text)
    .text                                    0x1000249c   Section        2  use_no_semi.o(.text)
    .text                                    0x1000249e   Section        0  indicate_semi.o(.text)
    .constdata                               0x100024a0   Section       77  process.o(.constdata)
    .constdata                               0x100024f0   Section       66  userproc.o(.constdata)
    .data                                    0x10004000   Section        4  system_lpc17xx.o(.data)
    .data                                    0x10004004   Section       40  process.o(.data)
    .data                                    0x1000402c   Section       52  userproc.o(.data)
    .data                                    0x10004060   Section        8  memory.o(.data)
    .data                                    0x10004068   Section        4  timer.o(.data)
    .data                                    0x1000406c   Section       20  uart_irq.o(.data)
    .data                                    0x10004080   Section        4  atomic.o(.data)
    .bss                                     0x10004084   Section       72  process.o(.bss)
    .bss                                     0x100040cc   Section       24  memory.o(.bss)
    .bss                                     0x100040e4   Section      140  uart_irq.o(.bss)
    .bss                                     0x10004170   Section       96  libspace.o(.bss)
    HEAP                                     0x100041d0   Section        0  startup_lpc17xx.o(HEAP)
    STACK                                    0x100041d0   Section      512  startup_lpc17xx.o(STACK)
    Heap_Mem                                 0x100041d0   Data           0  startup_lpc17xx.o(HEAP)
    Stack_Mem                                0x100041d0   Data         512  startup_lpc17xx.o(STACK)
    __initial_sp                             0x100043d0   Data           0  startup_lpc17xx.o(STACK)

    Global Symbols

    Symbol Name                              Value     Ov Type        Size  Object(Section)

    BuildAttributes$$THM_ISAv4$P$D$K$B$S$PE$A:L22UL41UL21$X:L11$S22US41US21$IEEE1$IW$USESV6$~STKCKD$USESV7$~SHL$OSPACE$ROPI$EBA8$UX$STANDARDLIB$REQ8$PRES8$EABIv2 0x00000000   Number         0  anon$$obj.o ABSOLUTE
    __ARM_use_no_argv                        0x00000000   Number         0  main.o ABSOLUTE
    __ARM_exceptions_init                     - Undefined Weak Reference
    __alloca_initialize                       - Undefined Weak Reference
    __cpp_initialize__aeabi_                  - Undefined Weak Reference
    __cxa_finalize                            - Undefined Weak Reference
    __rt_locale                               - Undefined Weak Reference
    __sigvec_lookup                           - Undefined Weak Reference
    _atexit_init                              - Undefined Weak Reference
    _call_atexit_fns                          - Undefined Weak Reference
    _clock_init                               - Undefined Weak Reference
    _fp_trap_init                             - Undefined Weak Reference
    _fp_trap_shutdown                         - Undefined Weak Reference
    _get_lc_collate                           - Undefined Weak Reference
    _get_lc_ctype                             - Undefined Weak Reference
    _get_lc_monetary                          - Undefined Weak Reference
    _get_lc_numeric                           - Undefined Weak Reference
    _get_lc_time                              - Undefined Weak Reference
    _getenv_init                              - Undefined Weak Reference
    _handle_redirection                       - Undefined Weak Reference
    _init_alloc                               - Undefined Weak Reference
    _init_user_alloc                          - Undefined Weak Reference
    _initio                                   - Undefined Weak Reference
    _rand_init                                - Undefined Weak Reference
    _signal_finish                            - Undefined Weak Reference
    _signal_init                              - Undefined Weak Reference
    _terminate_alloc                          - Undefined Weak Reference
    _terminate_user_alloc                     - Undefined Weak Reference
    _terminateio                              - Undefined Weak Reference
    __Vectors                                0x10000000   Data           4  startup_lpc17xx.o(RESET)
    __main                                   0x100000cd   Thumb Code     8  __main.o(!!!main)
    __scatterload                            0x100000d5   Thumb Code     0  __scatter.o(!!!scatter)
    __scatterload_rt2                        0x100000d5   Thumb Code    44  __scatter.o(!!!scatter)
    __scatterload_rt2_thumb_only             0x100000d5   Thumb Code     0  __scatter.o(!!!scatter)
    __scatterload_null                       0x100000e3   Thumb Code     0  __scatter.o(!!!scatter)
    __scatterload_copy                       0x10000109   Thumb Code    26  __scatter_copy.o(!!handler_copy)
    __scatterload_zeroinit                   0x10000125   Thumb Code    28  __scatter_zi.o(!!handler_zi)
    __rt_lib_init                            0x10000141   Thumb Code     0  libinit.o(.ARM.Collect$$libinit$$00000000)
    __rt_lib_init_alloca_1                   0x10000143   Thumb Code     0  libinit2.o(.ARM.Collect$$libinit$$0000002C)
    __rt_lib_init_argv_1                     0x10000143   Thumb Code     0  libinit2.o(.ARM.Collect$$libinit$$0000002A)
    __rt_lib_init_atexit_1                   0x10000143   Thumb Code     0  libinit2.o(.ARM.Collect$$libinit$$00000019)
    __rt_lib_init_clock_1                    0x10000143   Thumb Code     0  libinit2.o(.ARM.Collect$$libinit$$0000001F)
    __rt_lib_init_cpp_1                      0x10000143   Thumb Code     0  libinit2.o(.ARM.Collect$$libinit$$00000030)
    __rt_lib_init_exceptions_1               0x10000143   Thumb Code     0  libinit2.o(.ARM.Collect$$libinit$$0000002E)
    __rt_lib_init_fp_1                       0x10000143   Thumb Code     0  libinit2.o(.ARM.Collect$$libinit$$00000002)
    __rt_lib_init_fp_trap_1                  0x10000143   Thumb Code     0  libinit2.o(.ARM.Collect$$libinit$$0000001D)
    __rt_lib_init_getenv_1                   0x10000143   Thumb Code     0  libinit2.o(.ARM.Collect$$libinit$$00000021)
    __rt_lib_init_heap_1                     0x10000143   Thumb Code     0  libinit2.o(.ARM.Collect$$libinit$$00000008)
    __rt_lib_init_lc_collate_1               0x10000143   Thumb Code     0  libinit2.o(.ARM.Collect$$libinit$$0000000F)
    __rt_lib_init_lc_ctype_1                 0x10000143   Thumb Code     0  libinit2.o(.ARM.Collect$$libinit$$00000011)
    __rt_lib_init_lc_monetary_1              0x10000143   Thumb Code     0  libinit2.o(.ARM.Collect$$libinit$$00000013)
    __rt_lib_init_lc_numeric_1               0x10000143   Thumb Code     0  libinit2.o(.ARM.Collect$$libinit$$00000015)
    __rt_lib_init_lc_time_1                  0x10000143   Thumb Code     0  libinit2.o(.ARM.Collect$$libinit$$00000017)
    __rt_lib_init_rand_1                     0x10000143   Thumb Code     0  libinit2.o(.ARM.Collect$$libinit$$0000000C)
    __rt_lib_init_return                     0x10000143   Thumb Code     0  libinit2.o(.ARM.Collect$$libinit$$00000031)
    __rt_lib_init_signal_1                   0x10000143   Thumb Code     0  libinit2.o(.ARM.Collect$$libinit$$0000001B)
    __rt_lib_init_stdio_1                    0x10000143   Thumb Code     0  libinit2.o(.ARM.Collect$$libinit$$00000023)
    __rt_lib_init_user_alloc_1               0x10000143   Thumb Code     0  libinit2.o(.ARM.Collect$$libinit$$0000000A)
    __rt_lib_shutdown                        0x10000145   Thumb Code     0  libshutdown.o(.ARM.Collect$$libshutdown$$00000000)
    __rt_lib_shutdown_fp_trap_1              0x10000147   Thumb Code     0  libshutdown2.o(.ARM.Collect$$libshutdown$$00000006)
    __rt_lib_shutdown_heap_1                 0x10000147   Thumb Code     0  libshutdown2.o(.ARM.Collect$$libshutdown$$0000000E)
    __rt_lib_shutdown_return                 0x10000147   Thumb Code     0  libshutdown2.o(.ARM.Collect$$libshutdown$$0000000F)
    __rt_lib_shutdown_signal_1               0x10000147   Thumb Code     0  libshutdown2.o(.ARM.Collect$$libshutdown$$00000009)
    __rt_lib_shutdown_stdio_1                0x10000147   Thumb Code     0  libshutdown2.o(.ARM.Collect$$libshutdown$$00000003)
    __rt_lib_shutdown_user_alloc_1           0x10000147   Thumb Code     0  libshutdown2.o(.ARM.Collect$$libshutdown$$0000000B)
    __rt_entry                               0x10000149   Thumb Code     0  rtentry.o(.ARM.Collect$$rtentry$$00000000)
    __rt_entry_presh_1                       0x10000149   Thumb Code     0  rtentry2.o(.ARM.Collect$$rtentry$$00000002)
    __rt_entry_sh                            0x10000149   Thumb Code     0  rtentry4.o(.ARM.Collect$$rtentry$$00000004)
    __rt_entry_li                            0x1000014f   Thumb Code     0  rtentry2.o(.ARM.Collect$$rtentry$$0000000A)
    __rt_entry_postsh_1                      0x1000014f   Thumb Code     0  rtentry2.o(.ARM.Collect$$rtentry$$00000009)
    __rt_entry_main                          0x10000153   Thumb Code     0  rtentry2.o(.ARM.Collect$$rtentry$$0000000D)
    __rt_entry_postli_1                      0x10000153   Thumb Code     0  rtentry2.o(.ARM.Collect$$rtentry$$0000000C)
    __rt_exit                                0x1000015b   Thumb Code     0  rtexit.o(.ARM.Collect$$rtexit$$00000000)
    __rt_exit_ls                             0x1000015d   Thumb Code     0  rtexit2.o(.ARM.Collect$$rtexit$$00000003)
    __rt_exit_prels_1                        0x1000015d   Thumb Code     0  rtexit2.o(.ARM.Collect$$rtexit$$00000002)
    __rt_exit_exit                           0x10000161   Thumb Code     0  rtexit2.o(.ARM.Collect$$rtexit$$00000004)
    __rte                                    0x10000169   Thumb Code     6  hal.o(.emb_text)
    SVC_Handler                              0x1000016f   Thumb Code    36  hal.o(.emb_text)
    save_release_processor                   0x10000195   Thumb Code    14  message.o(.emb_text)
    TIMER0_IRQHandler                        0x100001a5   Thumb Code    12  timer.o(.emb_text)
    UART0_IRQHandler                         0x100001b1   Thumb Code    12  uart_irq.o(.emb_text)
    Reset_Handler                            0x100001bd   Thumb Code     8  startup_lpc17xx.o(.text)
    NMI_Handler                              0x100001c5   Thumb Code     2  startup_lpc17xx.o(.text)
    HardFault_Handler                        0x100001c7   Thumb Code     2  startup_lpc17xx.o(.text)
    MemManage_Handler                        0x100001c9   Thumb Code     2  startup_lpc17xx.o(.text)
    BusFault_Handler                         0x100001cb   Thumb Code     2  startup_lpc17xx.o(.text)
    UsageFault_Handler                       0x100001cd   Thumb Code     2  startup_lpc17xx.o(.text)
    DebugMon_Handler                         0x100001d1   Thumb Code     2  startup_lpc17xx.o(.text)
    PendSV_Handler                           0x100001d3   Thumb Code     2  startup_lpc17xx.o(.text)
    SysTick_Handler                          0x100001d5   Thumb Code     2  startup_lpc17xx.o(.text)
    ADC_IRQHandler                           0x100001d7   Thumb Code     0  startup_lpc17xx.o(.text)
    BOD_IRQHandler                           0x100001d7   Thumb Code     0  startup_lpc17xx.o(.text)
    CANActivity_IRQHandler                   0x100001d7   Thumb Code     0  startup_lpc17xx.o(.text)
    CAN_IRQHandler                           0x100001d7   Thumb Code     0  startup_lpc17xx.o(.text)
    DMA_IRQHandler                           0x100001d7   Thumb Code     0  startup_lpc17xx.o(.text)
    EINT0_IRQHandler                         0x100001d7   Thumb Code     0  startup_lpc17xx.o(.text)
    EINT1_IRQHandler                         0x100001d7   Thumb Code     0  startup_lpc17xx.o(.text)
    EINT2_IRQHandler                         0x100001d7   Thumb Code     0  startup_lpc17xx.o(.text)
    EINT3_IRQHandler                         0x100001d7   Thumb Code     0  startup_lpc17xx.o(.text)
    ENET_IRQHandler                          0x100001d7   Thumb Code     0  startup_lpc17xx.o(.text)
    I2C0_IRQHandler                          0x100001d7   Thumb Code     0  startup_lpc17xx.o(.text)
    I2C1_IRQHandler                          0x100001d7   Thumb Code     0  startup_lpc17xx.o(.text)
    I2C2_IRQHandler                          0x100001d7   Thumb Code     0  startup_lpc17xx.o(.text)
    I2S_IRQHandler                           0x100001d7   Thumb Code     0  startup_lpc17xx.o(.text)
    MCPWM_IRQHandler                         0x100001d7   Thumb Code     0  startup_lpc17xx.o(.text)
    PLL0_IRQHandler                          0x100001d7   Thumb Code     0  startup_lpc17xx.o(.text)
    PLL1_IRQHandler                          0x100001d7   Thumb Code     0  startup_lpc17xx.o(.text)
    PWM1_IRQHandler                          0x100001d7   Thumb Code     0  startup_lpc17xx.o(.text)
    QEI_IRQHandler                           0x100001d7   Thumb Code     0  startup_lpc17xx.o(.text)
    RIT_IRQHandler                           0x100001d7   Thumb Code     0  startup_lpc17xx.o(.text)
    RTC_IRQHandler                           0x100001d7   Thumb Code     0  startup_lpc17xx.o(.text)
    SPI_IRQHandler                           0x100001d7   Thumb Code     0  startup_lpc17xx.o(.text)
    SSP0_IRQHandler                          0x100001d7   Thumb Code     0  startup_lpc17xx.o(.text)
    SSP1_IRQHandler                          0x100001d7   Thumb Code     0  startup_lpc17xx.o(.text)
    TIMER1_IRQHandler                        0x100001d7   Thumb Code     0  startup_lpc17xx.o(.text)
    TIMER2_IRQHandler                        0x100001d7   Thumb Code     0  startup_lpc17xx.o(.text)
    TIMER3_IRQHandler                        0x100001d7   Thumb Code     0  startup_lpc17xx.o(.text)
    UART1_IRQHandler                         0x100001d7   Thumb Code     0  startup_lpc17xx.o(.text)
    UART2_IRQHandler                         0x100001d7   Thumb Code     0  startup_lpc17xx.o(.text)
    UART3_IRQHandler                         0x100001d7   Thumb Code     0  startup_lpc17xx.o(.text)
    USBActivity_IRQHandler                   0x100001d7   Thumb Code     0  startup_lpc17xx.o(.text)
    USB_IRQHandler                           0x100001d7   Thumb Code     0  startup_lpc17xx.o(.text)
    WDT_IRQHandler                           0x100001d7   Thumb Code     0  startup_lpc17xx.o(.text)
    __user_initial_stackheap                 0x100001d9   Thumb Code     0  startup_lpc17xx.o(.text)
    SystemInit                               0x100001f9   Thumb Code   476  system_lpc17xx.o(.text)
    main                                     0x10000415   Thumb Code    82  main.o(.text)
    poll_process                             0x100004f1   Thumb Code    36  process.o(.text)
    scheduler                                0x10000515   Thumb Code    50  process.o(.text)
    switch_process                           0x10000547   Thumb Code   170  process.o(.text)
    push_process                             0x100005f1   Thumb Code    26  process.o(.text)
    k_release_processor                      0x1000060b   Thumb Code    98  process.o(.text)
    k_voluntarily_release_processor          0x1000066d   Thumb Code    10  process.o(.text)
    null_process                             0x10000677   Thumb Code    10  process.o(.text)
    k_get_system_pid                         0x10000681   Thumb Code    12  process.o(.text)
    push_process_to_front                    0x1000068d   Thumb Code    20  process.o(.text)
    remove_process                           0x100006a1   Thumb Code    64  process.o(.text)
    send_msg                                 0x100006e1   Thumb Code    86  process.o(.text)
    k_send_message                           0x10000737   Thumb Code    20  process.o(.text)
    eos                                      0x1000074b   Thumb Code     8  process.o(.text)
    append_to_block                          0x10000753   Thumb Code    44  process.o(.text)
    clearString                              0x1000077f   Thumb Code    22  process.o(.text)
    k_print_process                          0x10000795   Thumb Code   714  process.o(.text)
    k_receive_message                        0x10000a5f   Thumb Code    20  process.o(.text)
    keyboard_proc                            0x10000a73   Thumb Code   712  process.o(.text)
    crt_proc                                 0x10000d3b   Thumb Code    46  process.o(.text)
    get_current_process_id                   0x10000d69   Thumb Code    18  process.o(.text)
    k_display_time                           0x10000d7b   Thumb Code   324  process.o(.text)
    init_proc_stack                          0x10000ebf   Thumb Code    90  process.o(.text)
    init_pcb                                 0x10000f19   Thumb Code    78  process.o(.text)
    add_new_prioritized_process              0x10000f67   Thumb Code    40  process.o(.text)
    process_init                             0x10000f8f   Thumb Code   378  process.o(.text)
    k_set_process_priority                   0x10001109   Thumb Code   138  process.o(.text)
    k_get_process_priority                   0x10001193   Thumb Code    72  process.o(.text)
    k_add_new_process                        0x100011db   Thumb Code    14  process.o(.text)
    shift_ready_process                      0x100011e9   Thumb Code    30  process.o(.text)
    unblock_process                          0x10001207   Thumb Code    74  process.o(.text)
    k_delayed_send                           0x10001251   Thumb Code    32  process.o(.text)
    system_proc_receive_message              0x10001271   Thumb Code    24  process.o(.text)
    k_dec_delay_msg_time                     0x10001289   Thumb Code   290  process.o(.text)
    set_process_state                        0x100013ab   Thumb Code    10  process.o(.text)
    sendCRTMsg                               0x100013bd   Thumb Code    70  userproc.o(.text)
    proc1                                    0x10001403   Thumb Code    20  userproc.o(.text)
    proc2                                    0x10001417   Thumb Code    72  userproc.o(.text)
    proc3                                    0x1000145f   Thumb Code    86  userproc.o(.text)
    proc4                                    0x100014b5   Thumb Code   164  userproc.o(.text)
    is_valid_priority_cmd                    0x10001559   Thumb Code   138  userproc.o(.text)
    proc5                                    0x100015e3   Thumb Code   214  userproc.o(.text)
    is_valid_time_cmd                        0x100016b9   Thumb Code   156  userproc.o(.text)
    proc6                                    0x10001755   Thumb Code   788  userproc.o(.text)
    proc7                                    0x10001a69   Thumb Code   188  userproc.o(.text)
    proc8                                    0x10001b25   Thumb Code    24  userproc.o(.text)
    proc9                                    0x10001b3d   Thumb Code   236  userproc.o(.text)
    memory_init                              0x10001c95   Thumb Code    58  memory.o(.text)
    setNewStartingAddress                    0x10001ccf   Thumb Code    22  memory.o(.text)
    getBlockFromFreeLinkedList               0x10001ce5   Thumb Code    56  memory.o(.text)
    insertToList                             0x10001d1d   Thumb Code    26  memory.o(.text)
    removeFromList                           0x10001d37   Thumb Code    48  memory.o(.text)
    k_release_memory_block                   0x10001d67   Thumb Code   104  memory.o(.text)
    hasUnusedMemory                          0x10001dcf   Thumb Code    30  memory.o(.text)
    multisize_request_memory_block           0x10001ded   Thumb Code   102  memory.o(.text)
    k_request_memory_block                   0x10001e53   Thumb Code    12  memory.o(.text)
    k_persistent_request_memory_block        0x10001e5f   Thumb Code    30  memory.o(.text)
    k_has_free_memory                        0x10001e7d   Thumb Code    28  memory.o(.text)
    addMessage                               0x10001eb1   Thumb Code    84  message.o(.text)
    pollMessageQueue                         0x10001f05   Thumb Code    56  message.o(.text)
    removeMessage                            0x10001f3d   Thumb Code    60  message.o(.text)
    wait_on_message                          0x10001f79   Thumb Code    10  message.o(.text)
    timer_init                               0x10001f85   Thumb Code    58  timer.o(.text)
    timer_i_process                          0x10001fbf   Thumb Code    36  timer.o(.text)
    trigger_timer_i_process                  0x10001fe3   Thumb Code   106  timer.o(.text)
    c_TIMER0_IRQHandler                      0x1000204d   Thumb Code     8  timer.o(.text)
    k_set_timer_count                        0x10002055   Thumb Code     6  timer.o(.text)
    get_timer                                0x1000205b   Thumb Code     6  timer.o(.text)
    uart_init                                0x10002069   Thumb Code   168  uart_irq.o(.text)
    uart_put_char                            0x10002111   Thumb Code    10  uart_irq.o(.text)
    uart_put_string                          0x1000211b   Thumb Code    40  uart_irq.o(.text)
    uart_i_process                           0x10002143   Thumb Code   160  uart_irq.o(.text)
    trigger_uart_i_process                   0x100021e3   Thumb Code    60  uart_irq.o(.text)
    c_UART0_IRQHandler                       0x1000221f   Thumb Code   154  uart_irq.o(.text)
    uart_put_hex                             0x100022b9   Thumb Code    50  uart_irq.o(.text)
    uart_put_int                             0x100022eb   Thumb Code    72  uart_irq.o(.text)
    atomic                                   0x1000235d   Thumb Code    78  atomic.o(.text)
    string_equals                            0x100023b5   Thumb Code    46  lib.o(.text)
    string_len                               0x100023e3   Thumb Code    20  lib.o(.text)
    contains_prefix                          0x100023f7   Thumb Code    30  lib.o(.text)
    string_copy                              0x10002415   Thumb Code    22  lib.o(.text)
    __use_two_region_memory                  0x1000242b   Thumb Code     2  heapauxi.o(.text)
    __rt_heap_escrow$2region                 0x1000242d   Thumb Code     2  heapauxi.o(.text)
    __rt_heap_expand$2region                 0x1000242f   Thumb Code     2  heapauxi.o(.text)
    __user_setup_stackheap                   0x10002431   Thumb Code    74  sys_stackheap_outer.o(.text)
    exit                                     0x1000247b   Thumb Code    12  exit.o(.text)
    __user_libspace                          0x10002489   Thumb Code     8  libspace.o(.text)
    __user_perproc_libspace                  0x10002489   Thumb Code     0  libspace.o(.text)
    __user_perthread_libspace                0x10002489   Thumb Code     0  libspace.o(.text)
    _sys_exit                                0x10002491   Thumb Code     8  sys_exit.o(.text)
    __I$use$semihosting                      0x1000249d   Thumb Code     0  use_no_semi.o(.text)
    __use_no_semihosting_swi                 0x1000249d   Thumb Code     2  use_no_semi.o(.text)
    __semihosting_library_function           0x1000249f   Thumb Code     0  indicate_semi.o(.text)
    Region$$Table$$Base                      0x10002534   Number         0  anon$$obj.o(Region$$Table)
    Region$$Table$$Limit                     0x10002554   Number         0  anon$$obj.o(Region$$Table)
    SystemFrequency                          0x10004000   Data           4  system_lpc17xx.o(.data)
    newProcessId                             0x10004004   Data           4  process.o(.data)
    readyQueue                               0x10004008   Data           4  process.o(.data)
    blockedQueues                            0x1000400c   Data           4  process.o(.data)
    blockedMsgQueues                         0x10004010   Data           4  process.o(.data)
    curProcess                               0x10004014   Data           4  process.o(.data)
    nullProcessNode                          0x10004018   Data           4  process.o(.data)
    msgDelayQueue                            0x1000401c   Data           4  process.o(.data)
    print_process_memory                     0x10004020   Data           4  process.o(.data)
    print_process_data                       0x10004024   Data           4  process.o(.data)
    print_process_temp                       0x10004028   Data           4  process.o(.data)
    passCount                                0x1000402c   Data           4  userproc.o(.data)
    procStage                                0x10004030   Data           4  userproc.o(.data)
    ProcessCount                             0x10004034   Data           4  userproc.o(.data)
    ProcessTable                             0x10004038   Data          36  userproc.o(.data)
    start_clk                                0x1000405c   Data           4  userproc.o(.data)
    MemoryList                               0x10004060   Data           4  memory.o(.data)
    FreeMemoryList                           0x10004064   Data           4  memory.o(.data)
    g_timer_count                            0x10004068   Data           4  timer.o(.data)
    g_UART0_TX_empty                         0x1000406c   Data           1  uart_irq.o(.data)
    g_UART0_count                            0x10004070   Data           4  uart_irq.o(.data)
    read_command                             0x10004074   Data           4  uart_irq.o(.data)
    command_index                            0x10004078   Data           4  uart_irq.o(.data)
    data_buff                                0x1000407c   Data           4  uart_irq.o(.data)
    sem                                      0x10004080   Data           4  atomic.o(.data)
    procArr                                  0x10004084   Data          56  process.o(.bss)
    systemProcesses                          0x100040bc   Data          16  process.o(.bss)
    a                                        0x100040cc   Data          12  memory.o(.bss)
    b                                        0x100040d8   Data          12  memory.o(.bss)
    g_UART0_buffer                           0x100040e4   Data          64  uart_irq.o(.bss)
    command_buffer                           0x10004124   Data          64  uart_irq.o(.bss)
    system_reserved_memory                   0x10004164   Data          12  uart_irq.o(.bss)
    __libspace_start                         0x10004170   Data          96  libspace.o(.bss)
    __temporary_stack_top$libspace           0x100041d0   Data           0  libspace.o(.bss)
    Image$$RW_IRAM1$$ZI$$Limit               0x100043d0   Number         0  startup_lpc17xx.o(STACK)



==============================================================================

Memory Map of the image

  Image Entry point : 0x100000cd

  Load Region LR_IROM1 (Base: 0x10000000, Size: 0x000025d8, Max: 0x00004000, ABSOLUTE)

    Execution Region ER_IROM1 (Base: 0x10000000, Size: 0x00002554, Max: 0x00004000, ABSOLUTE)

    Base Addr    Size         Type   Attr      Idx    E Section Name        Object

    0x10000000   0x000000cc   Data   RO            3    RESET               startup_lpc17xx.o
    0x100000cc   0x00000008   Code   RO          313  * !!!main             c_w.l(__main.o)
    0x100000d4   0x00000034   Code   RO          467    !!!scatter          c_w.l(__scatter.o)
    0x10000108   0x0000001a   Code   RO          469    !!handler_copy      c_w.l(__scatter_copy.o)
    0x10000122   0x00000002   PAD
    0x10000124   0x0000001c   Code   RO          471    !!handler_zi        c_w.l(__scatter_zi.o)
    0x10000140   0x00000002   Code   RO          340    .ARM.Collect$$libinit$$00000000  c_w.l(libinit.o)
    0x10000142   0x00000000   Code   RO          347    .ARM.Collect$$libinit$$00000002  c_w.l(libinit2.o)
    0x10000142   0x00000000   Code   RO          350    .ARM.Collect$$libinit$$00000008  c_w.l(libinit2.o)
    0x10000142   0x00000000   Code   RO          352    .ARM.Collect$$libinit$$0000000A  c_w.l(libinit2.o)
    0x10000142   0x00000000   Code   RO          354    .ARM.Collect$$libinit$$0000000C  c_w.l(libinit2.o)
    0x10000142   0x00000000   Code   RO          357    .ARM.Collect$$libinit$$0000000F  c_w.l(libinit2.o)
    0x10000142   0x00000000   Code   RO          359    .ARM.Collect$$libinit$$00000011  c_w.l(libinit2.o)
    0x10000142   0x00000000   Code   RO          361    .ARM.Collect$$libinit$$00000013  c_w.l(libinit2.o)
    0x10000142   0x00000000   Code   RO          363    .ARM.Collect$$libinit$$00000015  c_w.l(libinit2.o)
    0x10000142   0x00000000   Code   RO          365    .ARM.Collect$$libinit$$00000017  c_w.l(libinit2.o)
    0x10000142   0x00000000   Code   RO          367    .ARM.Collect$$libinit$$00000019  c_w.l(libinit2.o)
    0x10000142   0x00000000   Code   RO          369    .ARM.Collect$$libinit$$0000001B  c_w.l(libinit2.o)
    0x10000142   0x00000000   Code   RO          371    .ARM.Collect$$libinit$$0000001D  c_w.l(libinit2.o)
    0x10000142   0x00000000   Code   RO          373    .ARM.Collect$$libinit$$0000001F  c_w.l(libinit2.o)
    0x10000142   0x00000000   Code   RO          375    .ARM.Collect$$libinit$$00000021  c_w.l(libinit2.o)
    0x10000142   0x00000000   Code   RO          377    .ARM.Collect$$libinit$$00000023  c_w.l(libinit2.o)
    0x10000142   0x00000000   Code   RO          381    .ARM.Collect$$libinit$$0000002A  c_w.l(libinit2.o)
    0x10000142   0x00000000   Code   RO          383    .ARM.Collect$$libinit$$0000002C  c_w.l(libinit2.o)
    0x10000142   0x00000000   Code   RO          385    .ARM.Collect$$libinit$$0000002E  c_w.l(libinit2.o)
    0x10000142   0x00000000   Code   RO          387    .ARM.Collect$$libinit$$00000030  c_w.l(libinit2.o)
    0x10000142   0x00000002   Code   RO          388    .ARM.Collect$$libinit$$00000031  c_w.l(libinit2.o)
    0x10000144   0x00000002   Code   RO          408    .ARM.Collect$$libshutdown$$00000000  c_w.l(libshutdown.o)
    0x10000146   0x00000000   Code   RO          422    .ARM.Collect$$libshutdown$$00000003  c_w.l(libshutdown2.o)
    0x10000146   0x00000000   Code   RO          425    .ARM.Collect$$libshutdown$$00000006  c_w.l(libshutdown2.o)
    0x10000146   0x00000000   Code   RO          428    .ARM.Collect$$libshutdown$$00000009  c_w.l(libshutdown2.o)
    0x10000146   0x00000000   Code   RO          430    .ARM.Collect$$libshutdown$$0000000B  c_w.l(libshutdown2.o)
    0x10000146   0x00000000   Code   RO          433    .ARM.Collect$$libshutdown$$0000000E  c_w.l(libshutdown2.o)
    0x10000146   0x00000002   Code   RO          434    .ARM.Collect$$libshutdown$$0000000F  c_w.l(libshutdown2.o)
    0x10000148   0x00000000   Code   RO          315    .ARM.Collect$$rtentry$$00000000  c_w.l(rtentry.o)
    0x10000148   0x00000000   Code   RO          317    .ARM.Collect$$rtentry$$00000002  c_w.l(rtentry2.o)
    0x10000148   0x00000006   Code   RO          329    .ARM.Collect$$rtentry$$00000004  c_w.l(rtentry4.o)
    0x1000014e   0x00000000   Code   RO          319    .ARM.Collect$$rtentry$$00000009  c_w.l(rtentry2.o)
    0x1000014e   0x00000004   Code   RO          320    .ARM.Collect$$rtentry$$0000000A  c_w.l(rtentry2.o)
    0x10000152   0x00000000   Code   RO          322    .ARM.Collect$$rtentry$$0000000C  c_w.l(rtentry2.o)
    0x10000152   0x00000008   Code   RO          323    .ARM.Collect$$rtentry$$0000000D  c_w.l(rtentry2.o)
    0x1000015a   0x00000002   Code   RO          344    .ARM.Collect$$rtexit$$00000000  c_w.l(rtexit.o)
    0x1000015c   0x00000000   Code   RO          390    .ARM.Collect$$rtexit$$00000002  c_w.l(rtexit2.o)
    0x1000015c   0x00000004   Code   RO          391    .ARM.Collect$$rtexit$$00000003  c_w.l(rtexit2.o)
    0x10000160   0x00000006   Code   RO          392    .ARM.Collect$$rtexit$$00000004  c_w.l(rtexit2.o)
    0x10000166   0x00000002   PAD
    0x10000168   0x0000002a   Code   RO          155    .emb_text           hal.o
    0x10000192   0x00000002   PAD
    0x10000194   0x0000000e   Code   RO          189    .emb_text           message.o
    0x100001a2   0x00000002   PAD
    0x100001a4   0x0000000c   Code   RO          213    .emb_text           timer.o
    0x100001b0   0x0000000c   Code   RO          244    .emb_text           uart_irq.o
    0x100001bc   0x0000003c   Code   RO            5    .text               startup_lpc17xx.o
    0x100001f8   0x0000021c   Code   RO           15    .text               system_lpc17xx.o
    0x10000414   0x000000dc   Code   RO           59    .text               main.o
    0x100004f0   0x00000ecc   Code   RO          107    .text               process.o
    0x100013bc   0x000008d8   Code   RO          136    .text               userproc.o
    0x10001c94   0x0000021c   Code   RO          164    .text               memory.o
    0x10001eb0   0x000000d2   Code   RO          190    .text               message.o
    0x10001f82   0x00000002   PAD
    0x10001f84   0x000000e4   Code   RO          214    .text               timer.o
    0x10002068   0x000002f4   Code   RO          245    .text               uart_irq.o
    0x1000235c   0x00000058   Code   RO          272    .text               atomic.o
    0x100023b4   0x00000076   Code   RO          297    .text               lib.o
    0x1000242a   0x00000006   Code   RO          311    .text               c_w.l(heapauxi.o)
    0x10002430   0x0000004a   Code   RO          331    .text               c_w.l(sys_stackheap_outer.o)
    0x1000247a   0x0000000c   Code   RO          333    .text               c_w.l(exit.o)
    0x10002486   0x00000002   PAD
    0x10002488   0x00000008   Code   RO          341    .text               c_w.l(libspace.o)
    0x10002490   0x0000000c   Code   RO          400    .text               c_w.l(sys_exit.o)
    0x1000249c   0x00000002   Code   RO          411    .text               c_w.l(use_no_semi.o)
    0x1000249e   0x00000000   Code   RO          413    .text               c_w.l(indicate_semi.o)
    0x1000249e   0x00000002   PAD
    0x100024a0   0x0000004d   Data   RO          109    .constdata          process.o
    0x100024ed   0x00000003   PAD
    0x100024f0   0x00000042   Data   RO          137    .constdata          userproc.o
    0x10002532   0x00000002   PAD
    0x10002534   0x00000020   Data   RO          465    Region$$Table       anon$$obj.o


    Execution Region RW_IRAM1 (Base: 0x10004000, Size: 0x000003d0, Max: 0x00004000, ABSOLUTE)

    Base Addr    Size         Type   Attr      Idx    E Section Name        Object

    0x10004000   0x00000004   Data   RW           16    .data               system_lpc17xx.o
    0x10004004   0x00000028   Data   RW          110    .data               process.o
    0x1000402c   0x00000034   Data   RW          138    .data               userproc.o
    0x10004060   0x00000008   Data   RW          166    .data               memory.o
    0x10004068   0x00000004   Data   RW          215    .data               timer.o
    0x1000406c   0x00000014   Data   RW          247    .data               uart_irq.o
    0x10004080   0x00000004   Data   RW          273    .data               atomic.o
    0x10004084   0x00000048   Zero   RW          108    .bss                process.o
    0x100040cc   0x00000018   Zero   RW          165    .bss                memory.o
    0x100040e4   0x0000008c   Zero   RW          246    .bss                uart_irq.o
    0x10004170   0x00000060   Zero   RW          342    .bss                c_w.l(libspace.o)
    0x100041d0   0x00000000   Zero   RW            2    HEAP                startup_lpc17xx.o
    0x100041d0   0x00000200   Zero   RW            1    STACK               startup_lpc17xx.o



  Load Region LR$$.ARM.__at_0x02FC (Base: 0x000002fc, Size: 0x00000004, Max: 0x00000004, ABSOLUTE)

    Execution Region ER$$.ARM.__at_0x02FC (Base: 0x000002fc, Size: 0x00000004, Max: 0x00000004, ABSOLUTE, UNINIT)

    Base Addr    Size         Type   Attr      Idx    E Section Name        Object

    0x000002fc   0x00000004   Code   RO            4    .ARM.__at_0x02FC    startup_lpc17xx.o


==============================================================================

Image component sizes


      Code (inc. data)   RO Data    RW Data    ZI Data      Debug   Object Name

        88         10          0          4          0      24362   atomic.o
        42          0          0          0          0        272   hal.o
       118          0          0          0          0       1095   lib.o
       220        138          0          0          0       5165   main.o
       540         24          0          8         24       3509   memory.o
       224          0          0          0          0       1976   message.o
      3788        362         77         40         72      12688   process.o
        64         26        204          0        512        840   startup_lpc17xx.o
       540         64          0          4          0      21503   system_lpc17xx.o
       240          8          0          4          0      25768   timer.o
       768         42          0         20        140       3868   uart_irq.o
      2264        492         66         52          0       6425   userproc.o

    ----------------------------------------------------------------------
      8902       1166        384        132        748     107471   Object Totals
         0          0         32          0          0          0   (incl. Generated)
         6          0          5          0          0          0   (incl. Padding)

    ----------------------------------------------------------------------

      Code (inc. data)   RO Data    RW Data    ZI Data      Debug   Library Member Name

         8          0          0          0          0         68   __main.o
        52          8          0          0          0          0   __scatter.o
        26          0          0          0          0          0   __scatter_copy.o
        28          0          0          0          0          0   __scatter_zi.o
        12          0          0          0          0         72   exit.o
         6          0          0          0          0        152   heapauxi.o
         0          0          0          0          0          0   indicate_semi.o
         2          0          0          0          0          0   libinit.o
         2          0          0          0          0          0   libinit2.o
         2          0          0          0          0          0   libshutdown.o
         2          0          0          0          0          0   libshutdown2.o
         8          4          0          0         96         68   libspace.o
         0          0          0          0          0          0   rtentry.o
        12          0          0          0          0          0   rtentry2.o
         6          0          0          0          0          0   rtentry4.o
         2          0          0          0          0          0   rtexit.o
        10          0          0          0          0          0   rtexit2.o
        12          4          0          0          0         68   sys_exit.o
        74          0          0          0          0         80   sys_stackheap_outer.o
         2          0          0          0          0         68   use_no_semi.o

    ----------------------------------------------------------------------
       274         16          0          0         96        576   Library Totals
         8          0          0          0          0          0   (incl. Padding)

    ----------------------------------------------------------------------

      Code (inc. data)   RO Data    RW Data    ZI Data      Debug   Library Name

       266         16          0          0         96        576   c_w.l

    ----------------------------------------------------------------------
       274         16          0          0         96        576   Library Totals

    ----------------------------------------------------------------------

==============================================================================


      Code (inc. data)   RO Data    RW Data    ZI Data      Debug   

      9176       1182        384        132        844     106747   Grand Totals
      9176       1182        384        132        844     106747   ELF Image Totals
      9176       1182        384        132          0          0   ROM Totals

==============================================================================

    Total RO  Size (Code + RO Data)                 9560 (   9.34kB)
    Total RW  Size (RW Data + ZI Data)               976 (   0.95kB)
    Total ROM Size (Code + RO Data + RW Data)       9692 (   9.46kB)

==============================================================================

