<html>
<body>
<pre>
<h1>µVision Build Log</h1>
<h2>Project:</h2>
N:\kernel\Lab1.uvproj
Project File Date:  03/06/2013

<h2>Output:</h2>
Rebuild target 'HelloWorld SIM'
assembling startup_LPC17xx.s...
compiling system_LPC17xx.c...
compiling main.c...
compiling process.c...
process.c(32): warning:  #177-D: variable "curChar" was declared but never referenced
process.c(33): warning:  #177-D: variable "hot_key" was declared but never referenced
process.c(34): warning:  #177-D: variable "read_input" was declared but never referenced
compiling userproc.c...
compiling HAL.c...
compiling memory.c...
compiling message.c...
message.c(44): warning:  #177-D: variable "meh" was declared but never referenced
compiling timer.c...
compiling uart_irq.c...
uart_irq.c(237): warning:  #513-D: a value of type "volatile char *" cannot be assigned to an entity of type "void *"
uart_irq.c(247): warning:  #513-D: a value of type "volatile char *" cannot be assigned to an entity of type "void *"
compiling atomic.c...
linking...
Program Size: Code=5728 RO-data=456 RW-data=104 ZI-data=832  
"Lab1.axf" - 0 Error(s), 6 Warning(s).
Load "N:\\kernel\\Lab1.AXF" 
No Algorithm found for: 10000000H - 1000188BH
Partial Erase Done (areas with no algorithms skipped!)
No Algorithm found for: 10000000H - 1000188BH
Partial Programming Done (areas with no algorithms skipped!)
Partial Verify OK (areas with no algorithms skipped!)
Build target 'HelloWorld SIM'
compiling uart_irq.c...
uart_irq.c(237): warning:  #513-D: a value of type "volatile char *" cannot be assigned to an entity of type "void *"
uart_irq.c(248): warning:  #513-D: a value of type "volatile char *" cannot be assigned to an entity of type "void *"
linking...
Program Size: Code=5748 RO-data=456 RW-data=104 ZI-data=832  
"Lab1.axf" - 0 Error(s), 2 Warning(s).
Load "N:\\kernel\\Lab1.AXF" 
No Algorithm found for: 10000000H - 1000189FH
Partial Erase Done (areas with no algorithms skipped!)
No Algorithm found for: 10000000H - 1000189FH
Partial Programming Done (areas with no algorithms skipped!)
Partial Verify OK (areas with no algorithms skipped!)
Build target 'HelloWorld SIM'
compiling uart_irq.c...
uart_irq.c(237): warning:  #513-D: a value of type "volatile char *" cannot be assigned to an entity of type "void *"
uart_irq.c(248): warning:  #513-D: a value of type "volatile char *" cannot be assigned to an entity of type "void *"
linking...
Program Size: Code=5748 RO-data=456 RW-data=104 ZI-data=832  
"Lab1.axf" - 0 Error(s), 2 Warning(s).
Load "N:\\kernel\\Lab1.AXF" 
No Algorithm found for: 10000000H - 1000189FH
Partial Erase Done (areas with no algorithms skipped!)
No Algorithm found for: 10000000H - 1000189FH
Partial Programming Done (areas with no algorithms skipped!)
Partial Verify OK (areas with no algorithms skipped!)
Build target 'HelloWorld SIM'
compiling uart_irq.c...
uart_irq.c(238): warning:  #513-D: a value of type "volatile char *" cannot be assigned to an entity of type "void *"
uart_irq.c(249): warning:  #513-D: a value of type "volatile char *" cannot be assigned to an entity of type "void *"
linking...
Program Size: Code=5772 RO-data=456 RW-data=104 ZI-data=832  
"Lab1.axf" - 0 Error(s), 2 Warning(s).
Rebuild target 'HelloWorld SIM'
assembling startup_LPC17xx.s...
compiling system_LPC17xx.c...
compiling main.c...
compiling process.c...
process.c(32): warning:  #177-D: variable "curChar" was declared but never referenced
process.c(33): warning:  #177-D: variable "hot_key" was declared but never referenced
process.c(34): warning:  #177-D: variable "read_input" was declared but never referenced
compiling userproc.c...
compiling HAL.c...
compiling memory.c...
compiling message.c...
message.c(44): warning:  #177-D: variable "meh" was declared but never referenced
compiling timer.c...
compiling uart_irq.c...
uart_irq.c(238): warning:  #513-D: a value of type "volatile char *" cannot be assigned to an entity of type "void *"
uart_irq.c(249): warning:  #513-D: a value of type "volatile char *" cannot be assigned to an entity of type "void *"
compiling atomic.c...
linking...
Program Size: Code=5772 RO-data=456 RW-data=104 ZI-data=832  
"Lab1.axf" - 0 Error(s), 6 Warning(s).
Load "N:\\kernel\\Lab1.AXF" 
No Algorithm found for: 10000000H - 100018B7H
Partial Erase Done (areas with no algorithms skipped!)
No Algorithm found for: 10000000H - 100018B7H
Partial Programming Done (areas with no algorithms skipped!)
Partial Verify OK (areas with no algorithms skipped!)
Rebuild target 'HelloWorld SIM'
assembling startup_LPC17xx.s...
compiling system_LPC17xx.c...
compiling main.c...
compiling process.c...
process.c(32): warning:  #177-D: variable "curChar" was declared but never referenced
process.c(33): warning:  #177-D: variable "hot_key" was declared but never referenced
process.c(34): warning:  #177-D: variable "read_input" was declared but never referenced
compiling userproc.c...
compiling HAL.c...
compiling memory.c...
compiling message.c...
message.c(44): warning:  #177-D: variable "meh" was declared but never referenced
compiling timer.c...
compiling uart_irq.c...
uart_irq.c(237): warning:  #513-D: a value of type "volatile char *" cannot be assigned to an entity of type "void *"
uart_irq.c(248): warning:  #513-D: a value of type "volatile char *" cannot be assigned to an entity of type "void *"
compiling atomic.c...
linking...
Program Size: Code=5728 RO-data=456 RW-data=104 ZI-data=832  
"Lab1.axf" - 0 Error(s), 6 Warning(s).
Load "N:\\kernel\\Lab1.AXF" 
No Algorithm found for: 10000000H - 1000188BH
Partial Erase Done (areas with no algorithms skipped!)
No Algorithm found for: 10000000H - 1000188BH
Partial Programming Done (areas with no algorithms skipped!)
Partial Verify OK (areas with no algorithms skipped!)
Rebuild target 'HelloWorld SIM'
assembling startup_LPC17xx.s...
compiling system_LPC17xx.c...
compiling main.c...
compiling process.c...
process.c(32): warning:  #177-D: variable "curChar" was declared but never referenced
process.c(33): warning:  #177-D: variable "hot_key" was declared but never referenced
process.c(34): warning:  #177-D: variable "read_input" was declared but never referenced
compiling userproc.c...
compiling HAL.c...
compiling memory.c...
compiling message.c...
message.c(44): warning:  #177-D: variable "meh" was declared but never referenced
compiling timer.c...
compiling uart_irq.c...
uart_irq.c(237): warning:  #513-D: a value of type "volatile char *" cannot be assigned to an entity of type "void *"
uart_irq.c(248): warning:  #513-D: a value of type "volatile char *" cannot be assigned to an entity of type "void *"
compiling atomic.c...
linking...
Program Size: Code=5728 RO-data=456 RW-data=104 ZI-data=832  
"Lab1.axf" - 0 Error(s), 6 Warning(s).
Load "N:\\kernel\\Lab1.AXF" 
No Algorithm found for: 10000000H - 1000188BH
Partial Erase Done (areas with no algorithms skipped!)
No Algorithm found for: 10000000H - 1000188BH
Partial Programming Done (areas with no algorithms skipped!)
Partial Verify OK (areas with no algorithms skipped!)
Rebuild target 'HelloWorld SIM'
assembling startup_LPC17xx.s...
compiling system_LPC17xx.c...
compiling main.c...
compiling process.c...
process.c(32): warning:  #177-D: variable "curChar" was declared but never referenced
process.c(33): warning:  #177-D: variable "hot_key" was declared but never referenced
process.c(34): warning:  #177-D: variable "read_input" was declared but never referenced
compiling userproc.c...
compiling HAL.c...
compiling memory.c...
compiling message.c...
message.c(44): warning:  #177-D: variable "meh" was declared but never referenced
compiling timer.c...
compiling uart_irq.c...
uart_irq.c(235): warning:  #513-D: a value of type "volatile char *" cannot be assigned to an entity of type "void *"
uart_irq.c(251): warning:  #513-D: a value of type "volatile char *" cannot be assigned to an entity of type "void *"
compiling atomic.c...
linking...
Program Size: Code=5728 RO-data=456 RW-data=104 ZI-data=832  
"Lab1.axf" - 0 Error(s), 6 Warning(s).
Load "N:\\kernel\\Lab1.AXF" 
No Algorithm found for: 10000000H - 1000188BH
Partial Erase Done (areas with no algorithms skipped!)
No Algorithm found for: 10000000H - 1000188BH
Partial Programming Done (areas with no algorithms skipped!)
Partial Verify OK (areas with no algorithms skipped!)
Rebuild target 'HelloWorld SIM'
assembling startup_LPC17xx.s...
compiling system_LPC17xx.c...
compiling main.c...
compiling process.c...
process.c(32): warning:  #177-D: variable "curChar" was declared but never referenced
process.c(33): warning:  #177-D: variable "hot_key" was declared but never referenced
process.c(34): warning:  #177-D: variable "read_input" was declared but never referenced
compiling userproc.c...
userproc.c(237): error:  #513: a value of type "char *" cannot be assigned to an entity of type "int"
userproc.c(228): warning:  #177-D: variable "i" was declared but never referenced
userproc.c(229): warning:  #177-D: variable "errorFlag" was declared but never referenced
compiling HAL.c...
compiling memory.c...
compiling message.c...
message.c(44): warning:  #177-D: variable "meh" was declared but never referenced
compiling timer.c...
compiling uart_irq.c...
uart_irq.c(235): warning:  #513-D: a value of type "volatile char *" cannot be assigned to an entity of type "void *"
uart_irq.c(250): warning:  #513-D: a value of type "volatile char *" cannot be assigned to an entity of type "void *"
compiling atomic.c...
Target not created
Rebuild target 'HelloWorld SIM'
assembling startup_LPC17xx.s...
compiling system_LPC17xx.c...
compiling main.c...
compiling process.c...
process.c(32): warning:  #177-D: variable "curChar" was declared but never referenced
process.c(33): warning:  #177-D: variable "hot_key" was declared but never referenced
process.c(34): warning:  #177-D: variable "read_input" was declared but never referenced
compiling userproc.c...
userproc.c(237): error:  #513: a value of type "char *" cannot be assigned to an entity of type "char"
userproc.c(228): warning:  #177-D: variable "i" was declared but never referenced
userproc.c(229): warning:  #177-D: variable "errorFlag" was declared but never referenced
compiling HAL.c...
compiling memory.c...
compiling message.c...
message.c(44): warning:  #177-D: variable "meh" was declared but never referenced
compiling timer.c...
compiling uart_irq.c...
uart_irq.c(235): warning:  #513-D: a value of type "volatile char *" cannot be assigned to an entity of type "void *"
uart_irq.c(250): warning:  #513-D: a value of type "volatile char *" cannot be assigned to an entity of type "void *"
compiling atomic.c...
Target not created
Rebuild target 'HelloWorld SIM'
assembling startup_LPC17xx.s...
compiling system_LPC17xx.c...
compiling main.c...
compiling process.c...
process.c(32): warning:  #177-D: variable "curChar" was declared but never referenced
process.c(33): warning:  #177-D: variable "hot_key" was declared but never referenced
process.c(34): warning:  #177-D: variable "read_input" was declared but never referenced
compiling userproc.c...
userproc.c(228): warning:  #177-D: variable "i" was declared but never referenced
userproc.c(229): warning:  #177-D: variable "errorFlag" was declared but never referenced
compiling HAL.c...
compiling memory.c...
compiling message.c...
message.c(44): warning:  #177-D: variable "meh" was declared but never referenced
compiling timer.c...
compiling uart_irq.c...
uart_irq.c(235): warning:  #513-D: a value of type "volatile char *" cannot be assigned to an entity of type "void *"
uart_irq.c(250): warning:  #513-D: a value of type "volatile char *" cannot be assigned to an entity of type "void *"
compiling atomic.c...
linking...
Program Size: Code=5780 RO-data=456 RW-data=104 ZI-data=832  
"Lab1.axf" - 0 Error(s), 8 Warning(s).
Rebuild target 'HelloWorld SIM'
assembling startup_LPC17xx.s...
compiling system_LPC17xx.c...
compiling main.c...
compiling process.c...
process.c(32): warning:  #177-D: variable "curChar" was declared but never referenced
process.c(33): warning:  #177-D: variable "hot_key" was declared but never referenced
process.c(34): warning:  #177-D: variable "read_input" was declared but never referenced
compiling userproc.c...
userproc.c(228): warning:  #177-D: variable "i" was declared but never referenced
userproc.c(229): warning:  #177-D: variable "errorFlag" was declared but never referenced
userproc.c(233): warning:  #177-D: variable "s" was declared but never referenced
compiling HAL.c...
compiling memory.c...
compiling message.c...
message.c(44): warning:  #177-D: variable "meh" was declared but never referenced
compiling timer.c...
compiling uart_irq.c...
uart_irq.c(235): warning:  #513-D: a value of type "volatile char *" cannot be assigned to an entity of type "void *"
uart_irq.c(250): warning:  #513-D: a value of type "volatile char *" cannot be assigned to an entity of type "void *"
compiling atomic.c...
linking...
Program Size: Code=5780 RO-data=456 RW-data=104 ZI-data=832  
"Lab1.axf" - 0 Error(s), 9 Warning(s).
Rebuild target 'HelloWorld SIM'
assembling startup_LPC17xx.s...
compiling system_LPC17xx.c...
compiling main.c...
compiling process.c...
process.c(32): warning:  #177-D: variable "curChar" was declared but never referenced
process.c(33): warning:  #177-D: variable "hot_key" was declared but never referenced
process.c(34): warning:  #177-D: variable "read_input" was declared but never referenced
compiling userproc.c...
userproc.c(238): error:  #513: a value of type "char *" cannot be assigned to an entity of type "char"
userproc.c(228): warning:  #177-D: variable "i" was declared but never referenced
userproc.c(229): warning:  #177-D: variable "errorFlag" was declared but never referenced
compiling HAL.c...
compiling memory.c...
compiling message.c...
message.c(44): warning:  #177-D: variable "meh" was declared but never referenced
compiling timer.c...
compiling uart_irq.c...
uart_irq.c(235): warning:  #513-D: a value of type "volatile char *" cannot be assigned to an entity of type "void *"
uart_irq.c(250): warning:  #513-D: a value of type "volatile char *" cannot be assigned to an entity of type "void *"
compiling atomic.c...
Target not created
Rebuild target 'HelloWorld SIM'
assembling startup_LPC17xx.s...
compiling system_LPC17xx.c...
compiling main.c...
compiling process.c...
process.c(32): warning:  #177-D: variable "curChar" was declared but never referenced
process.c(33): warning:  #177-D: variable "hot_key" was declared but never referenced
process.c(34): warning:  #177-D: variable "read_input" was declared but never referenced
compiling userproc.c...
userproc.c(228): warning:  #177-D: variable "i" was declared but never referenced
userproc.c(229): warning:  #177-D: variable "errorFlag" was declared but never referenced
compiling HAL.c...
compiling memory.c...
compiling message.c...
message.c(44): warning:  #177-D: variable "meh" was declared but never referenced
compiling timer.c...
compiling uart_irq.c...
uart_irq.c(235): warning:  #513-D: a value of type "volatile char *" cannot be assigned to an entity of type "void *"
uart_irq.c(250): warning:  #513-D: a value of type "volatile char *" cannot be assigned to an entity of type "void *"
compiling atomic.c...
linking...
Program Size: Code=5784 RO-data=456 RW-data=104 ZI-data=832  
"Lab1.axf" - 0 Error(s), 8 Warning(s).
Rebuild target 'HelloWorld SIM'
assembling startup_LPC17xx.s...
compiling system_LPC17xx.c...
compiling main.c...
compiling process.c...
process.c(31): warning:  #223-D: function "get_system_pid" declared implicitly
process.c(32): warning:  #177-D: variable "curChar" was declared but never referenced
process.c(33): warning:  #177-D: variable "hot_key" was declared but never referenced
process.c(34): warning:  #177-D: variable "read_input" was declared but never referenced
compiling userproc.c...
userproc.c(228): warning:  #177-D: variable "i" was declared but never referenced
userproc.c(229): warning:  #177-D: variable "errorFlag" was declared but never referenced
compiling HAL.c...
compiling memory.c...
compiling message.c...
message.c(44): warning:  #177-D: variable "meh" was declared but never referenced
compiling timer.c...
compiling uart_irq.c...
uart_irq.c(235): warning:  #513-D: a value of type "volatile char *" cannot be assigned to an entity of type "void *"
uart_irq.c(237): warning:  #223-D: function "get_system_pid" declared implicitly
uart_irq.c(250): warning:  #513-D: a value of type "volatile char *" cannot be assigned to an entity of type "void *"
uart_irq.c(252): warning:  #223-D: function "get_system_pid" declared implicitly
uart_irq.c(272): warning:  #223-D: function "get_system_pid" declared implicitly
compiling atomic.c...
linking...
Lab1.axf: Error: L6218E: Undefined symbol get_system_pid (referred from process.o).
Target not created
Clean started: Project: 'Lab1'
   deleting intermediate output files for target 'HelloWorld SIM'
Rebuild target 'HelloWorld SIM'
assembling startup_LPC17xx.s...
compiling system_LPC17xx.c...
compiling main.c...
compiling process.c...
process.c(31): warning:  #223-D: function "get_system_pid" declared implicitly
process.c(32): warning:  #177-D: variable "curChar" was declared but never referenced
process.c(33): warning:  #177-D: variable "hot_key" was declared but never referenced
process.c(34): warning:  #177-D: variable "read_input" was declared but never referenced
compiling userproc.c...
userproc.c(228): warning:  #177-D: variable "i" was declared but never referenced
userproc.c(229): warning:  #177-D: variable "errorFlag" was declared but never referenced
compiling HAL.c...
compiling memory.c...
compiling message.c...
message.c(44): warning:  #177-D: variable "meh" was declared but never referenced
compiling timer.c...
compiling uart_irq.c...
uart_irq.c(235): warning:  #513-D: a value of type "volatile char *" cannot be assigned to an entity of type "void *"
uart_irq.c(237): warning:  #223-D: function "get_system_pid" declared implicitly
uart_irq.c(250): warning:  #513-D: a value of type "volatile char *" cannot be assigned to an entity of type "void *"
uart_irq.c(252): warning:  #223-D: function "get_system_pid" declared implicitly
uart_irq.c(272): warning:  #223-D: function "get_system_pid" declared implicitly
compiling atomic.c...
linking...
Lab1.axf: Error: L6218E: Undefined symbol get_system_pid (referred from process.o).
Target not created
Build target 'HelloWorld SIM'
compiling uart_irq.c...
uart_irq.c(235): warning:  #513-D: a value of type "volatile char *" cannot be assigned to an entity of type "void *"
uart_irq.c(237): warning:  #223-D: function "get_system_pid" declared implicitly
uart_irq.c(250): warning:  #513-D: a value of type "volatile char *" cannot be assigned to an entity of type "void *"
uart_irq.c(252): warning:  #223-D: function "get_system_pid" declared implicitly
uart_irq.c(274): warning:  #223-D: function "get_system_pid" declared implicitly
linking...
Lab1.axf: Error: L6218E: Undefined symbol get_system_pid (referred from process.o).
Target not created
Rebuild target 'HelloWorld SIM'
assembling startup_LPC17xx.s...
compiling system_LPC17xx.c...
compiling main.c...
compiling process.c...
process.c(32): warning:  #177-D: variable "curChar" was declared but never referenced
process.c(33): warning:  #177-D: variable "hot_key" was declared but never referenced
process.c(34): warning:  #177-D: variable "read_input" was declared but never referenced
compiling userproc.c...
userproc.c(228): warning:  #177-D: variable "i" was declared but never referenced
userproc.c(229): warning:  #177-D: variable "errorFlag" was declared but never referenced
compiling HAL.c...
compiling memory.c...
compiling message.c...
message.c(44): warning:  #177-D: variable "meh" was declared but never referenced
compiling timer.c...
compiling uart_irq.c...
uart_irq.c(235): warning:  #513-D: a value of type "volatile char *" cannot be assigned to an entity of type "void *"
uart_irq.c(250): warning:  #513-D: a value of type "volatile char *" cannot be assigned to an entity of type "void *"
compiling atomic.c...
linking...
Program Size: Code=5784 RO-data=456 RW-data=104 ZI-data=832  
"Lab1.axf" - 0 Error(s), 8 Warning(s).
Rebuild target 'HelloWorld SIM'
assembling startup_LPC17xx.s...
compiling system_LPC17xx.c...
compiling main.c...
compiling process.c...
process.c(32): warning:  #177-D: variable "curChar" was declared but never referenced
process.c(33): warning:  #177-D: variable "hot_key" was declared but never referenced
process.c(34): warning:  #177-D: variable "read_input" was declared but never referenced
compiling userproc.c...
userproc.c(228): warning:  #177-D: variable "i" was declared but never referenced
userproc.c(229): warning:  #177-D: variable "errorFlag" was declared but never referenced
compiling HAL.c...
compiling memory.c...
compiling message.c...
message.c(44): warning:  #177-D: variable "meh" was declared but never referenced
compiling timer.c...
compiling uart_irq.c...
uart_irq.c(235): warning:  #513-D: a value of type "volatile char *" cannot be assigned to an entity of type "void *"
uart_irq.c(250): warning:  #513-D: a value of type "volatile char *" cannot be assigned to an entity of type "void *"
compiling atomic.c...
linking...
Program Size: Code=5864 RO-data=456 RW-data=104 ZI-data=832  
"Lab1.axf" - 0 Error(s), 8 Warning(s).
Rebuild target 'HelloWorld SIM'
assembling startup_LPC17xx.s...
compiling system_LPC17xx.c...
compiling main.c...
compiling process.c...
process.c(32): warning:  #177-D: variable "curChar" was declared but never referenced
process.c(33): warning:  #177-D: variable "hot_key" was declared but never referenced
process.c(34): warning:  #177-D: variable "read_input" was declared but never referenced
compiling userproc.c...
userproc.c(249): error:  #513: a value of type "Message *" cannot be assigned to an entity of type "Message"
userproc.c(251): error:  #44: expression must have pointer type
userproc.c(252): error:  #20: identifier "msgNum" is undefined
userproc.c(254): error:  #44: expression must have pointer type
userproc.c(255): error:  #167: argument of type "Message" is incompatible with parameter of type "void *"
userproc.c(259): warning:  #128-D: loop is not reachable
userproc.c(232): warning:  #550-D: variable "received_msg_data" was set but never used
compiling HAL.c...
compiling memory.c...
compiling message.c...
message.c(44): warning:  #177-D: variable "meh" was declared but never referenced
compiling timer.c...
compiling uart_irq.c...
uart_irq.c(235): warning:  #513-D: a value of type "volatile char *" cannot be assigned to an entity of type "void *"
uart_irq.c(250): warning:  #513-D: a value of type "volatile char *" cannot be assigned to an entity of type "void *"
compiling atomic.c...
Target not created
Rebuild target 'HelloWorld SIM'
assembling startup_LPC17xx.s...
compiling system_LPC17xx.c...
compiling main.c...
compiling process.c...
process.c(32): warning:  #177-D: variable "curChar" was declared but never referenced
process.c(33): warning:  #177-D: variable "hot_key" was declared but never referenced
process.c(34): warning:  #177-D: variable "read_input" was declared but never referenced
compiling userproc.c...
userproc.c(253): error:  #20: identifier "msgNum" is undefined
userproc.c(260): warning:  #128-D: loop is not reachable
userproc.c(233): warning:  #550-D: variable "received_msg_data" was set but never used
compiling HAL.c...
compiling memory.c...
compiling message.c...
message.c(44): warning:  #177-D: variable "meh" was declared but never referenced
compiling timer.c...
compiling uart_irq.c...
uart_irq.c(235): warning:  #513-D: a value of type "volatile char *" cannot be assigned to an entity of type "void *"
uart_irq.c(250): warning:  #513-D: a value of type "volatile char *" cannot be assigned to an entity of type "void *"
compiling atomic.c...
Target not created
Rebuild target 'HelloWorld SIM'
assembling startup_LPC17xx.s...
compiling system_LPC17xx.c...
compiling main.c...
compiling process.c...
process.c(32): warning:  #177-D: variable "curChar" was declared but never referenced
process.c(33): warning:  #177-D: variable "hot_key" was declared but never referenced
process.c(34): warning:  #177-D: variable "read_input" was declared but never referenced
compiling userproc.c...
userproc.c(254): warning:  #167-D: argument of type "char *" is incompatible with parameter of type "unsigned char *"
userproc.c(261): warning:  #128-D: loop is not reachable
compiling HAL.c...
compiling memory.c...
compiling message.c...
message.c(44): warning:  #177-D: variable "meh" was declared but never referenced
compiling timer.c...
compiling uart_irq.c...
uart_irq.c(235): warning:  #513-D: a value of type "volatile char *" cannot be assigned to an entity of type "void *"
uart_irq.c(250): warning:  #513-D: a value of type "volatile char *" cannot be assigned to an entity of type "void *"
compiling atomic.c...
linking...
Program Size: Code=5920 RO-data=456 RW-data=104 ZI-data=832  
"Lab1.axf" - 0 Error(s), 8 Warning(s).
Build target 'HelloWorld SIM'
compiling main.c...
compiling process.c...
process.c(43): error:  #42: operand types are incompatible ("char" and "char *")
process.c(47): error:  #42: operand types are incompatible ("char" and "char *")
process.c(47): error:  #42: operand types are incompatible ("char" and "char *")
process.c(47): error:  #42: operand types are incompatible ("char" and "char *")
process.c(34): warning:  #177-D: variable "curChar" was declared but never referenced
process.c(35): warning:  #177-D: variable "hot_key" was declared but never referenced
process.c(36): warning:  #177-D: variable "read_input" was declared but never referenced
compiling userproc.c...
userproc.c(255): warning:  #167-D: argument of type "char *" is incompatible with parameter of type "unsigned char *"
userproc.c(263): warning:  #128-D: loop is not reachable
compiling memory.c...
compiling message.c...
message.c(44): warning:  #177-D: variable "meh" was declared but never referenced
compiling timer.c...
compiling uart_irq.c...
uart_irq.c(235): warning:  #513-D: a value of type "volatile char *" cannot be assigned to an entity of type "void *"
uart_irq.c(250): warning:  #513-D: a value of type "volatile char *" cannot be assigned to an entity of type "void *"
Target not created
Build target 'HelloWorld SIM'
compiling main.c...
compiling process.c...
lib.h(6): warning:  #1-D: last line of file ends without a newline
process.c(36): warning:  #177-D: variable "curChar" was declared but never referenced
process.c(37): warning:  #177-D: variable "hot_key" was declared but never referenced
process.c(38): warning:  #177-D: variable "read_input" was declared but never referenced
compiling userproc.c...
userproc.c(255): warning:  #167-D: argument of type "char *" is incompatible with parameter of type "unsigned char *"
userproc.c(263): warning:  #128-D: loop is not reachable
compiling memory.c...
compiling message.c...
message.c(44): warning:  #177-D: variable "meh" was declared but never referenced
compiling timer.c...
compiling uart_irq.c...
uart_irq.c(235): warning:  #513-D: a value of type "volatile char *" cannot be assigned to an entity of type "void *"
uart_irq.c(250): warning:  #513-D: a value of type "volatile char *" cannot be assigned to an entity of type "void *"
compiling lib.c...
lib.h(6): warning:  #1-D: last line of file ends without a newline
lib.c(6): error:  #20: identifier "FALSE" is undefined
Target not created
Build target 'HelloWorld SIM'
compiling lib.c...
lib.h(6): warning:  #1-D: last line of file ends without a newline
linking...
Program Size: Code=5780 RO-data=388 RW-data=108 ZI-data=828  
"Lab1.axf" - 0 Error(s), 1 Warning(s).
Build target 'HelloWorld SIM'
linking...
Program Size: Code=5780 RO-data=388 RW-data=108 ZI-data=828  
"Lab1.axf" - 0 Error(s), 0 Warning(s).
Load "N:\\kernel\\Lab1.AXF" 
No Algorithm found for: 10000000H - 1000187FH
Partial Erase Done (areas with no algorithms skipped!)
No Algorithm found for: 10000000H - 1000187FH
Partial Programming Done (areas with no algorithms skipped!)
Partial Verify OK (areas with no algorithms skipped!)
Build target 'HelloWorld SIM'
linking...
Program Size: Code=5780 RO-data=388 RW-data=108 ZI-data=828  
"Lab1.axf" - 0 Error(s), 0 Warning(s).
Load "N:\\kernel\\Lab1.AXF" 
No Algorithm found for: 10000000H - 1000187FH
Partial Erase Done (areas with no algorithms skipped!)
No Algorithm found for: 10000000H - 1000187FH
Partial Programming Done (areas with no algorithms skipped!)
Partial Verify OK (areas with no algorithms skipped!)
Build target 'HelloWorld SIM'
compiling process.c...
lib.h(6): warning:  #1-D: last line of file ends without a newline
process.c(36): warning:  #177-D: variable "curChar" was declared but never referenced
process.c(37): warning:  #177-D: variable "hot_key" was declared but never referenced
process.c(38): warning:  #177-D: variable "read_input" was declared but never referenced
linking...
Program Size: Code=5740 RO-data=388 RW-data=108 ZI-data=828  
"Lab1.axf" - 0 Error(s), 4 Warning(s).
Load "N:\\kernel\\Lab1.AXF" 
No Algorithm found for: 10000000H - 10001857H
Partial Erase Done (areas with no algorithms skipped!)
No Algorithm found for: 10000000H - 10001857H
Partial Programming Done (areas with no algorithms skipped!)
Partial Verify OK (areas with no algorithms skipped!)
Build target 'HelloWorld SIM'
compiling process.c...
lib.h(6): warning:  #1-D: last line of file ends without a newline
process.c(36): warning:  #177-D: variable "curChar" was declared but never referenced
process.c(37): warning:  #177-D: variable "hot_key" was declared but never referenced
process.c(38): warning:  #177-D: variable "read_input" was declared but never referenced
linking...
Program Size: Code=5780 RO-data=388 RW-data=108 ZI-data=828  
"Lab1.axf" - 0 Error(s), 4 Warning(s).
Load "N:\\kernel\\Lab1.AXF" 
No Algorithm found for: 10000000H - 1000187FH
Partial Erase Done (areas with no algorithms skipped!)
No Algorithm found for: 10000000H - 1000187FH
Partial Programming Done (areas with no algorithms skipped!)
Partial Verify OK (areas with no algorithms skipped!)
Build target 'HelloWorld SIM'
compiling uart_irq.c...
uart_irq.c(235): warning:  #513-D: a value of type "volatile char *" cannot be assigned to an entity of type "void *"
uart_irq.c(262): warning:  #513-D: a value of type "volatile char *" cannot be assigned to an entity of type "void *"
compiling lib.c...
lib.h(6): warning:  #1-D: last line of file ends without a newline
linking...
Program Size: Code=5872 RO-data=388 RW-data=108 ZI-data=828  
"Lab1.axf" - 0 Error(s), 3 Warning(s).
Build target 'HelloWorld SIM'
compiling uart_irq.c...
uart_irq.c(235): warning:  #513-D: a value of type "volatile char *" cannot be assigned to an entity of type "void *"
uart_irq.c(263): warning:  #513-D: a value of type "volatile char *" cannot be assigned to an entity of type "void *"
linking...
Program Size: Code=5872 RO-data=388 RW-data=108 ZI-data=828  
"Lab1.axf" - 0 Error(s), 2 Warning(s).
Load "N:\\kernel\\Lab1.AXF" 
No Algorithm found for: 10000000H - 100018DBH
Partial Erase Done (areas with no algorithms skipped!)
No Algorithm found for: 10000000H - 100018DBH
Partial Programming Done (areas with no algorithms skipped!)
Partial Verify OK (areas with no algorithms skipped!)
Build target 'HelloWorld SIM'
compiling uart_irq.c...
uart_irq.c(235): warning:  #513-D: a value of type "volatile char *" cannot be assigned to an entity of type "void *"
uart_irq.c(266): warning:  #513-D: a value of type "volatile char *" cannot be assigned to an entity of type "void *"
linking...
Program Size: Code=5872 RO-data=388 RW-data=108 ZI-data=828  
"Lab1.axf" - 0 Error(s), 2 Warning(s).
Load "N:\\kernel\\Lab1.AXF" 
No Algorithm found for: 10000000H - 100018DBH
Partial Erase Done (areas with no algorithms skipped!)
No Algorithm found for: 10000000H - 100018DBH
Partial Programming Done (areas with no algorithms skipped!)
Partial Verify OK (areas with no algorithms skipped!)
Build target 'HelloWorld SIM'
compiling uart_irq.c...
uart_irq.c(235): warning:  #513-D: a value of type "volatile char *" cannot be assigned to an entity of type "void *"
uart_irq.c(266): warning:  #513-D: a value of type "volatile char *" cannot be assigned to an entity of type "void *"
linking...
Program Size: Code=5868 RO-data=388 RW-data=108 ZI-data=828  
"Lab1.axf" - 0 Error(s), 2 Warning(s).
Load "N:\\kernel\\Lab1.AXF" 
No Algorithm found for: 10000000H - 100018D7H
Partial Erase Done (areas with no algorithms skipped!)
No Algorithm found for: 10000000H - 100018D7H
Partial Programming Done (areas with no algorithms skipped!)
Partial Verify OK (areas with no algorithms skipped!)
Build target 'HelloWorld SIM'
compiling uart_irq.c...
uart_irq.c(234): warning:  #513-D: a value of type "volatile char *" cannot be assigned to an entity of type "void *"
linking...
Program Size: Code=5868 RO-data=388 RW-data=108 ZI-data=828  
"Lab1.axf" - 0 Error(s), 1 Warning(s).
Load "N:\\kernel\\Lab1.AXF" 
No Algorithm found for: 10000000H - 100018D7H
Partial Erase Done (areas with no algorithms skipped!)
No Algorithm found for: 10000000H - 100018D7H
Partial Programming Done (areas with no algorithms skipped!)
Partial Verify OK (areas with no algorithms skipped!)
Build target 'HelloWorld SIM'
compiling uart_irq.c...
uart_irq.c(234): warning:  #513-D: a value of type "volatile char *" cannot be assigned to an entity of type "void *"
linking...
Program Size: Code=5868 RO-data=388 RW-data=108 ZI-data=828  
"Lab1.axf" - 0 Error(s), 1 Warning(s).
Load "N:\\kernel\\Lab1.AXF" 
No Algorithm found for: 10000000H - 100018D7H
Partial Erase Done (areas with no algorithms skipped!)
No Algorithm found for: 10000000H - 100018D7H
Partial Programming Done (areas with no algorithms skipped!)
Partial Verify OK (areas with no algorithms skipped!)
Build target 'HelloWorld SIM'
compiling uart_irq.c...
uart_irq.c(235): warning:  #513-D: a value of type "volatile char *" cannot be assigned to an entity of type "void *"
linking...
Program Size: Code=5856 RO-data=388 RW-data=108 ZI-data=828  
"Lab1.axf" - 0 Error(s), 1 Warning(s).
Load "N:\\kernel\\Lab1.AXF" 
No Algorithm found for: 10000000H - 100018CBH
Partial Erase Done (areas with no algorithms skipped!)
No Algorithm found for: 10000000H - 100018CBH
Partial Programming Done (areas with no algorithms skipped!)
Partial Verify OK (areas with no algorithms skipped!)
Build target 'HelloWorld SIM'
compiling uart_irq.c...
uart_irq.c(235): warning:  #513-D: a value of type "volatile char *" cannot be assigned to an entity of type "void *"
uart_irq.c(282): error:  #20: identifier "data" is undefined
Target not created
Build target 'HelloWorld SIM'
compiling uart_irq.c...
uart_irq.c(235): warning:  #513-D: a value of type "volatile char *" cannot be assigned to an entity of type "void *"
linking...
Program Size: Code=5836 RO-data=388 RW-data=108 ZI-data=828  
"Lab1.axf" - 0 Error(s), 1 Warning(s).
Load "N:\\kernel\\Lab1.AXF" 
No Algorithm found for: 10000000H - 100018B7H
Partial Erase Done (areas with no algorithms skipped!)
No Algorithm found for: 10000000H - 100018B7H
Partial Programming Done (areas with no algorithms skipped!)
Partial Verify OK (areas with no algorithms skipped!)
Build target 'HelloWorld SIM'
compiling uart_irq.c...
uart_irq.c(235): warning:  #513-D: a value of type "volatile char *" cannot be assigned to an entity of type "void *"
linking...
Program Size: Code=5844 RO-data=388 RW-data=108 ZI-data=828  
"Lab1.axf" - 0 Error(s), 1 Warning(s).
Load "N:\\kernel\\Lab1.AXF" 
No Algorithm found for: 10000000H - 100018BFH
Partial Erase Done (areas with no algorithms skipped!)
No Algorithm found for: 10000000H - 100018BFH
Partial Programming Done (areas with no algorithms skipped!)
Partial Verify OK (areas with no algorithms skipped!)
Build target 'HelloWorld SIM'
linking...
Program Size: Code=5844 RO-data=388 RW-data=108 ZI-data=828  
"Lab1.axf" - 0 Error(s), 0 Warning(s).
Load "N:\\kernel\\Lab1.AXF" 
No Algorithm found for: 10000000H - 100018BFH
Partial Erase Done (areas with no algorithms skipped!)
No Algorithm found for: 10000000H - 100018BFH
Partial Programming Done (areas with no algorithms skipped!)
Partial Verify OK (areas with no algorithms skipped!)
Clean started: Project: 'Lab1'
   deleting intermediate output files for target 'HelloWorld SIM'
